Archive member included to satisfy reference by file (symbol)

./out/zephyr/app/libapp.a(bsp_main.c.obj)
                              (--whole-archive)
./out/zephyr/app/libapp.a(bsp_rtc.c.obj)
                              (--whole-archive)
./out/zephyr/app/libapp.a(iw_main.c.obj)
                              (--whole-archive)
./out/zephyr/app/libapp.a(iw_bsp.c.obj)
                              (--whole-archive)
./out/zephyr/app/libapp.a(iw_debug.c.obj)
                              (--whole-archive)
./out/zephyr/app/libapp.a(iw_dev.c.obj)
                              (--whole-archive)
./out/zephyr/app/libapp.a(iw_dev_batt.c.obj)
                              (--whole-archive)
./out/zephyr/app/libapp.a(iw_dev_led.c.obj)
                              (--whole-archive)
./out/zephyr/app/libapp.a(iw_dev_net.c.obj)
                              (--whole-archive)
./out/zephyr/app/libapp.a(iw_dev_sensor.c.obj)
                              (--whole-archive)
./out/zephyr/app/libapp.a(iw_if_adc.c.obj)
                              (--whole-archive)
./out/zephyr/app/libapp.a(iw_if_gpio.c.obj)
                              (--whole-archive)
./out/zephyr/app/libapp.a(iw_if_i2c.c.obj)
                              (--whole-archive)
./out/zephyr/app/libapp.a(iw_if_uart.c.obj)
                              (--whole-archive)
./out/zephyr/app/libapp.a(iw_oal_fifo.c.obj)
                              (--whole-archive)
./out/zephyr/app/libapp.a(iw_oal_init.c.obj)
                              (--whole-archive)
./out/zephyr/app/libapp.a(iw_oal_list.c.obj)
                              (--whole-archive)
./out/zephyr/app/libapp.a(iw_oal_mem.c.obj)
                              (--whole-archive)
./out/zephyr/app/libapp.a(iw_oal_mutex.c.obj)
                              (--whole-archive)
./out/zephyr/app/libapp.a(iw_oal_queue.c.obj)
                              (--whole-archive)
./out/zephyr/app/libapp.a(iw_oal_sem.c.obj)
                              (--whole-archive)
./out/zephyr/app/libapp.a(iw_oal_task.c.obj)
                              (--whole-archive)
./out/zephyr/app/libapp.a(iw_oal_time.c.obj)
                              (--whole-archive)
./out/zephyr/app/libapp.a(iw_sys.c.obj)
                              (--whole-archive)
./out/zephyr/app/libapp.a(oal_os.c.obj)
                              (--whole-archive)
./out/zephyr/zephyr/libzephyr.a(cbprintf.c.obj)
                              (--whole-archive)
./out/zephyr/zephyr/libzephyr.a(crc32_sw.c.obj)
                              (--whole-archive)
./out/zephyr/zephyr/libzephyr.a(crc16_sw.c.obj)
                              (--whole-archive)
./out/zephyr/zephyr/libzephyr.a(crc8_sw.c.obj)
                              (--whole-archive)
./out/zephyr/zephyr/libzephyr.a(crc7_sw.c.obj)
                              (--whole-archive)
./out/zephyr/zephyr/libzephyr.a(dec.c.obj)
                              (--whole-archive)
./out/zephyr/zephyr/libzephyr.a(fdtable.c.obj)
                              (--whole-archive)
./out/zephyr/zephyr/libzephyr.a(hex.c.obj)
                              (--whole-archive)
./out/zephyr/zephyr/libzephyr.a(notify.c.obj)
                              (--whole-archive)
./out/zephyr/zephyr/libzephyr.a(printk.c.obj)
                              (--whole-archive)
./out/zephyr/zephyr/libzephyr.a(onoff.c.obj)
                              (--whole-archive)
./out/zephyr/zephyr/libzephyr.a(rb.c.obj)
                              (--whole-archive)
./out/zephyr/zephyr/libzephyr.a(sem.c.obj)
                              (--whole-archive)
./out/zephyr/zephyr/libzephyr.a(thread_entry.c.obj)
                              (--whole-archive)
./out/zephyr/zephyr/libzephyr.a(timeutil.c.obj)
                              (--whole-archive)
./out/zephyr/zephyr/libzephyr.a(work_q.c.obj)
                              (--whole-archive)
./out/zephyr/zephyr/libzephyr.a(heap.c.obj)
                              (--whole-archive)
./out/zephyr/zephyr/libzephyr.a(heap-validate.c.obj)
                              (--whole-archive)
./out/zephyr/zephyr/libzephyr.a(cbprintf_complete.c.obj)
                              (--whole-archive)
./out/zephyr/zephyr/libzephyr.a(configs.c.obj)
                              (--whole-archive)
./out/zephyr/zephyr/libzephyr.a(soc.c.obj)
                              (--whole-archive)
./out/zephyr/zephyr/libzephyr.a(stm32cube_hal.c.obj)
                              (--whole-archive)
./out/zephyr/zephyr/libzephyr.a(uart_console.c.obj)
                              (--whole-archive)
./out/zephyr/zephyr/libzephyr.a(intc_exti_stm32.c.obj)
                              (--whole-archive)
./out/zephyr/zephyr/libzephyr.a(clock_stm32_ll_common.c.obj)
                              (--whole-archive)
./out/zephyr/zephyr/libzephyr.a(clock_stm32l4_l5_wb.c.obj)
                              (--whole-archive)
./out/zephyr/zephyr/libzephyr.a(pinmux_stm32.c.obj)
                              (--whole-archive)
[...]
Memory Configuration

Name             Origin             Length             Attributes
FLASH            0x0000000008000000 0x0000000000100000 xr
SRAM             0x0000000020000000 0x0000000000018000 xw
IDT_LIST         0x0000000020018000 0x0000000000000800 xw
*default*        0x0000000000000000 0xffffffffffffffff

Linker script and memory map

LOAD ./out/zephyr/zephyr/CMakeFiles/zephyr_final.dir/misc/empty_file.c.obj
LOAD ./out/zephyr/zephyr/CMakeFiles/zephyr_final.dir/isr_tables.c.obj
                0x0000000000000020                _region_min_align = 0x20

.rel.plt        0x0000000008000000        0x0
 *(SORT_BY_ALIGNMENT(.rel.plt))
                [!provide]                        PROVIDE (__rel_iplt_start = .)
 *(SORT_BY_ALIGNMENT(.rel.iplt))
 .rel.iplt      0x0000000008000000        0x0 ./out/zephyr/zephyr/CMakeFiles/zephyr_final.dir/isr_tables.c.obj
                [!provide]                        PROVIDE (__rel_iplt_end = .)

.rela.plt       0x0000000000000000        0x0
 *(SORT_BY_ALIGNMENT(.rela.plt))
                [!provide]                        PROVIDE (__rela_iplt_start = .)
 *(SORT_BY_ALIGNMENT(.rela.iplt))
                [!provide]                        PROVIDE (__rela_iplt_end = .)

.rel.dyn
 *(SORT_BY_ALIGNMENT(.rel.*))

.rela.dyn
 *(SORT_BY_ALIGNMENT(.rela.*))

/DISCARD/
 *(SORT_BY_ALIGNMENT(.plt))
 *(SORT_BY_ALIGNMENT(.iplt))
 *(SORT_BY_ALIGNMENT(.got.plt))
 *(SORT_BY_ALIGNMENT(.igot.plt))
 *(SORT_BY_ALIGNMENT(.got))
 *(SORT_BY_ALIGNMENT(.igot))
 *(SORT_BY_ALIGNMENT(.irq_info*))
 *(SORT_BY_ALIGNMENT(.intList*))
 *(SORT_BY_ALIGNMENT(.note.GNU-stack))
                0x0000000008000000                _image_rom_start = 0x8000000

rom_start       0x0000000008000000      0x188
                0x0000000000000000                . = 0x0
                0x0000000000000000                . = ALIGN (0x4)
                0x0000000000000000                . = ALIGN (0x80)
                0x0000000000000000                . = ALIGN (0x200)
                0x0000000008000000                _vector_start = .
 *(SORT_BY_ALIGNMENT(.exc_vector_table))
 *(SORT_BY_ALIGNMENT(.exc_vector_table.*))
 .exc_vector_table._vector_table_section
                0x0000000008000000       0x40 ./out/zephyr/zephyr/arch/arch/arm/core/aarch32/cortex_m/libarch__arm__core__aarch32__cortex_m.a(vector_table.S.obj)
                0x0000000008000000                _vector_table
 *(SORT_BY_ALIGNMENT(.gnu.linkonce.irq_vector_table*))
 .gnu.linkonce.irq_vector_table*
                0x0000000008000040      0x148 ./out/zephyr/zephyr/CMakeFiles/zephyr_final.dir/isr_tables.c.obj
                0x0000000008000040                _irq_vector_table
 *(SORT_BY_ALIGNMENT(.vectors))
                0x0000000008000188                _vector_end = .
 *(SORT_BY_ALIGNMENT(.openocd_dbg))
 *(SORT_BY_ALIGNMENT(.openocd_dbg.*))

text            0x0000000008000188     0x2f56
                0x0000000008000188                _image_text_start = .
 *(SORT_BY_ALIGNMENT(.text))
 .text          0x0000000008000188       0x30 oal/kernel/zephyr-sdk-0.11.4/arm-zephyr-eabi/bin/../lib/gcc/arm-zephyr-eabi/9.2.0/thumb/v7e-m/nofp/libgcc.a(_aeabi_uldivmod.o)
                0x0000000008000188                __aeabi_uldivmod
 .text          0x00000000080001b8      0x2c4 oal/kernel/zephyr-sdk-0.11.4/arm-zephyr-eabi/bin/../lib/gcc/arm-zephyr-eabi/9.2.0/thumb/v7e-m/nofp/libgcc.a(_udivmoddi4.o)
                0x00000000080001b8                __udivmoddi4
 .text          0x000000000800047c        0x4 oal/kernel/zephyr-sdk-0.11.4/arm-zephyr-eabi/bin/../lib/gcc/arm-zephyr-eabi/9.2.0/thumb/v7e-m/nofp/libgcc.a(_dvmd_tls.o)
                0x000000000800047c                __aeabi_ldiv0
                0x000000000800047c                __aeabi_idiv0
 *(SORT_BY_ALIGNMENT(.text.*))
 .text.char_out
                0x0000000008000480       0x10 ./out/zephyr/zephyr/libzephyr.a(printk.c.obj)
 .text.__printk_hook_install
                0x0000000008000490        0xc ./out/zephyr/zephyr/libzephyr.a(printk.c.obj)
                0x0000000008000490                __printk_hook_install
 .text.vprintk  0x000000000800049c       0x1c ./out/zephyr/zephyr/libzephyr.a(printk.c.obj)
                0x000000000800049c                vprintk
 .text.extract_conversion
                0x00000000080004b8      0x2b4 ./out/zephyr/zephyr/libzephyr.a(cbprintf_complete.c.obj)
 .text.cbvprintf
                0x000000000800076c      0x418 ./out/zephyr/zephyr/libzephyr.a(cbprintf_complete.c.obj)
                0x000000000800076c                cbvprintf
 .text.stm32l4_init
                0x0000000008000b84       0x2c ./out/zephyr/zephyr/libzephyr.a(soc.c.obj)
 .text.uart_console_init
                0x0000000008000bb0       0x2c ./out/zephyr/zephyr/libzephyr.a(uart_console.c.obj)
 .text.console_out
                0x0000000008000bdc       0x28 ./out/zephyr/zephyr/libzephyr.a(uart_console.c.obj)
 .text.__stm32_exti_isr.isra.0
                0x0000000008000c04       0x40 ./out/zephyr/zephyr/libzephyr.a(intc_exti_stm32.c.obj)
 .text.stm32_exti_enable
                0x0000000008000c44       0x1c ./out/zephyr/zephyr/libzephyr.a(intc_exti_stm32.c.obj)
                0x0000000008000c44                stm32_exti_enable
 .text.stm32_exti_disable
                0x0000000008000c60       0x1c ./out/zephyr/zephyr/libzephyr.a(intc_exti_stm32.c.obj)
                0x0000000008000c60                stm32_exti_disable
 .text.stm32_exti_trigger
                0x0000000008000c7c       0x68 ./out/zephyr/zephyr/libzephyr.a(intc_exti_stm32.c.obj)
                0x0000000008000c7c                stm32_exti_trigger
 .text.stm32_exti_set_callback
                0x0000000008000ce4       0x24 ./out/zephyr/zephyr/libzephyr.a(intc_exti_stm32.c.obj)
                0x0000000008000ce4                stm32_exti_set_callback
 .text.stm32_exti_unset_callback
                0x0000000008000d08       0x14 ./out/zephyr/zephyr/libzephyr.a(intc_exti_stm32.c.obj)
                0x0000000008000d08                stm32_exti_unset_callback
 .text.stm32_clock_control_on
                0x0000000008000d1c       0x84 ./out/zephyr/zephyr/libzephyr.a(clock_stm32_ll_common.c.obj)
 .text.stm32_clock_control_off
                0x0000000008000da0       0x64 ./out/zephyr/zephyr/libzephyr.a(clock_stm32_ll_common.c.obj)
 .text.stm32_clock_control_get_subsys_rate
                0x0000000008000e04       0x1c ./out/zephyr/zephyr/libzephyr.a(clock_stm32_ll_common.c.obj)
 .text.stm32_clock_control_init
                0x0000000008000e20       0x80 ./out/zephyr/zephyr/libzephyr.a(clock_stm32_ll_common.c.obj)
 .text.enable_port
                0x0000000008000ea0       0x38 ./out/zephyr/zephyr/libzephyr.a(pinmux_stm32.c.obj)
 .text.stm32_dt_pinctrl_configure
                0x0000000008000ed8       0x70 ./out/zephyr/zephyr/libzephyr.a(pinmux_stm32.c.obj)
                0x0000000008000ed8                stm32_dt_pinctrl_configure
 .text.elapsed  0x0000000008000f48       0x3c ./out/zephyr/zephyr/libzephyr.a(cortex_m_systick.c.obj)
 .text.z_clock_isr
                0x0000000008000f84       0x44 ./out/zephyr/zephyr/libzephyr.a(cortex_m_systick.c.obj)
                0x0000000008000f84                z_clock_isr
 .text.z_clock_driver_init
                0x0000000008000fc8       0x38 ./out/zephyr/zephyr/libzephyr.a(cortex_m_systick.c.obj)
                0x0000000008000fc8                z_clock_driver_init
 .text.z_clock_set_timeout
                0x0000000008001000       0xc8 ./out/zephyr/zephyr/libzephyr.a(cortex_m_systick.c.obj)
                0x0000000008001000                z_clock_set_timeout
 .text.z_clock_elapsed
                0x00000000080010c8       0x3c ./out/zephyr/zephyr/libzephyr.a(cortex_m_systick.c.obj)
                0x00000000080010c8                z_clock_elapsed
 .text.arch_swap
                0x0000000008001104       0x34 ./out/zephyr/zephyr/arch/arch/arm/core/aarch32/libarch__arm__core__aarch32.a(swap.c.obj)
                0x0000000008001104                arch_swap
 .text.z_arm_pendsv
                0x0000000008001138       0x54 ./out/zephyr/zephyr/arch/arch/arm/core/aarch32/libarch__arm__core__aarch32.a(swap_helper.S.obj)
                0x0000000008001138                z_arm_pendsv
 .text.z_arm_svc
                0x000000000800118c       0x20 ./out/zephyr/zephyr/arch/arch/arm/core/aarch32/libarch__arm__core__aarch32.a(swap_helper.S.obj)
                0x000000000800118c                z_arm_svc
 .text.arch_irq_enable
                0x00000000080011ac       0x20 ./out/zephyr/zephyr/arch/arch/arm/core/aarch32/libarch__arm__core__aarch32.a(irq_manage.c.obj)
                0x00000000080011ac                arch_irq_enable
 .text.z_arm_irq_priority_set
                0x00000000080011cc       0x30 ./out/zephyr/zephyr/arch/arch/arm/core/aarch32/libarch__arm__core__aarch32.a(irq_manage.c.obj)
                0x00000000080011cc                z_arm_irq_priority_set
 .text.arch_new_thread
                0x00000000080011fc       0x38 ./out/zephyr/zephyr/arch/arch/arm/core/aarch32/libarch__arm__core__aarch32.a(thread.c.obj)
                0x00000000080011fc                arch_new_thread
 .text.z_check_thread_stack_fail
                0x0000000008001234       0x34 ./out/zephyr/zephyr/arch/arch/arm/core/aarch32/libarch__arm__core__aarch32.a(thread.c.obj)
                0x0000000008001234                z_check_thread_stack_fail
 .text.arch_switch_to_main_thread
                0x0000000008001268       0x34 ./out/zephyr/zephyr/arch/arch/arm/core/aarch32/libarch__arm__core__aarch32.a(thread.c.obj)
                0x0000000008001268                arch_switch_to_main_thread
 .text.z_arm_cpu_idle_init
                0x000000000800129c        0xc ./out/zephyr/zephyr/arch/arch/arm/core/aarch32/libarch__arm__core__aarch32.a(cpu_idle.S.obj)
                0x000000000800129c                z_arm_cpu_idle_init
 .text.arch_cpu_idle
                0x00000000080012a8       0x1c ./out/zephyr/zephyr/arch/arch/arm/core/aarch32/libarch__arm__core__aarch32.a(cpu_idle.S.obj)
                0x00000000080012a8                arch_cpu_idle
 .text.z_SysNmiOnReset
                0x00000000080012c4        0x8 ./out/zephyr/zephyr/arch/arch/arm/core/aarch32/libarch__arm__core__aarch32.a(nmi_on_reset.S.obj)
                0x00000000080012c4                z_SysNmiOnReset
 .text.z_arm_prep_c
                0x00000000080012cc       0x44 ./out/zephyr/zephyr/arch/arch/arm/core/aarch32/libarch__arm__core__aarch32.a(prep_c.c.obj)
                0x00000000080012cc                z_arm_prep_c
 .text._isr_wrapper
                0x0000000008001310       0x28 ./out/zephyr/zephyr/arch/arch/arm/core/aarch32/libarch__arm__core__aarch32.a(isr_wrapper.S.obj)
                0x0000000008001310                _isr_wrapper
 .text._reset_section
                0x0000000008001338       0x2c ./out/zephyr/zephyr/arch/arch/arm/core/aarch32/cortex_m/libarch__arm__core__aarch32__cortex_m.a(reset.S.obj)
                0x0000000008001338                z_arm_reset
                0x0000000008001338                __start
 .text.__fault  0x0000000008001364       0x14 ./out/zephyr/zephyr/arch/arch/arm/core/aarch32/cortex_m/libarch__arm__core__aarch32__cortex_m.a(fault_s.S.obj)
                0x0000000008001364                z_arm_bus_fault
                0x0000000008001364                z_arm_usage_fault
                0x0000000008001364                z_arm_mpu_fault
                0x0000000008001364                z_arm_exc_spurious
                0x0000000008001364                z_arm_debug_monitor
                0x0000000008001364                z_arm_hard_fault
 .text.mem_manage_fault
                0x0000000008001378       0x64 ./out/zephyr/zephyr/arch/arch/arm/core/aarch32/cortex_m/libarch__arm__core__aarch32__cortex_m.a(fault.c.obj)
 .text.bus_fault.isra.0
                0x00000000080013dc       0x3c ./out/zephyr/zephyr/arch/arch/arm/core/aarch32/cortex_m/libarch__arm__core__aarch32__cortex_m.a(fault.c.obj)
 .text.usage_fault.isra.0
                0x0000000008001418       0x24 ./out/zephyr/zephyr/arch/arch/arm/core/aarch32/cortex_m/libarch__arm__core__aarch32__cortex_m.a(fault.c.obj)
 .text.z_arm_fault
                0x000000000800143c       0xec ./out/zephyr/zephyr/arch/arch/arm/core/aarch32/cortex_m/libarch__arm__core__aarch32__cortex_m.a(fault.c.obj)
                0x000000000800143c                z_arm_fault
 .text.z_arm_fault_init
                0x0000000008001528       0x10 ./out/zephyr/zephyr/arch/arch/arm/core/aarch32/cortex_m/libarch__arm__core__aarch32__cortex_m.a(fault.c.obj)
                0x0000000008001528                z_arm_fault_init
 .text._HandlerModeExit
                0x0000000008001538       0x1c ./out/zephyr/zephyr/arch/arch/arm/core/aarch32/cortex_m/libarch__arm__core__aarch32__cortex_m.a(exc_exit.S.obj)
                0x0000000008001538                z_arm_exc_exit
                0x0000000008001538                z_arm_int_exit
 .text.z_arm_interrupt_init
                0x0000000008001554       0x18 ./out/zephyr/zephyr/arch/arch/arm/core/aarch32/cortex_m/libarch__arm__core__aarch32__cortex_m.a(irq_init.c.obj)
                0x0000000008001554                z_arm_interrupt_init
 .text.z_impl_k_thread_abort
                0x000000000800156c       0x44 ./out/zephyr/zephyr/arch/arch/arm/core/aarch32/cortex_m/libarch__arm__core__aarch32__cortex_m.a(thread_abort.c.obj)
                0x000000000800156c                z_impl_k_thread_abort
 .text.z_arm_configure_static_mpu_regions
                0x00000000080015b0       0x18 ./out/zephyr/zephyr/arch/arch/arm/core/aarch32/cortex_m/mpu/libarch__arm__core__aarch32__cortex_m__mpu.a(arm_core_mpu.c.obj)
                0x00000000080015b0                z_arm_configure_static_mpu_regions
 .text.z_arm_configure_dynamic_mpu_regions
                0x00000000080015c8       0x20 ./out/zephyr/zephyr/arch/arch/arm/core/aarch32/cortex_m/mpu/libarch__arm__core__aarch32__cortex_m__mpu.a(arm_core_mpu.c.obj)
                0x00000000080015c8                z_arm_configure_dynamic_mpu_regions
 .text.mpu_configure_regions
                0x00000000080015e8       0x80 ./out/zephyr/zephyr/arch/arch/arm/core/aarch32/cortex_m/mpu/libarch__arm__core__aarch32__cortex_m__mpu.a(arm_mpu.c.obj)
 .text.arm_core_mpu_enable
                0x0000000008001668       0x14 ./out/zephyr/zephyr/arch/arch/arm/core/aarch32/cortex_m/mpu/libarch__arm__core__aarch32__cortex_m__mpu.a(arm_mpu.c.obj)
                0x0000000008001668                arm_core_mpu_enable
 .text.arm_core_mpu_disable
                0x000000000800167c       0x10 ./out/zephyr/zephyr/arch/arch/arm/core/aarch32/cortex_m/mpu/libarch__arm__core__aarch32__cortex_m__mpu.a(arm_mpu.c.obj)
                0x000000000800167c                arm_core_mpu_disable
 .text.arm_mpu_init
                0x000000000800168c       0x5c ./out/zephyr/zephyr/arch/arch/arm/core/aarch32/cortex_m/mpu/libarch__arm__core__aarch32__cortex_m__mpu.a(arm_mpu.c.obj)
 .text.arm_core_mpu_configure_static_mpu_regions
                0x00000000080016e8       0x14 ./out/zephyr/zephyr/arch/arch/arm/core/aarch32/cortex_m/mpu/libarch__arm__core__aarch32__cortex_m__mpu.a(arm_mpu.c.obj)
                0x00000000080016e8                arm_core_mpu_configure_static_mpu_regions
 .text.arm_core_mpu_configure_dynamic_mpu_regions
                0x00000000080016fc       0x2c ./out/zephyr/zephyr/arch/arch/arm/core/aarch32/cortex_m/mpu/libarch__arm__core__aarch32__cortex_m__mpu.a(arm_mpu.c.obj)
                0x00000000080016fc                arm_core_mpu_configure_dynamic_mpu_regions
 .text.__stdout_hook_install
                0x0000000008001728        0xc ./out/zephyr/zephyr/lib/libc/minimal/liblib__libc__minimal.a(stdout_console.c.obj)
                0x0000000008001728                __stdout_hook_install
 .text.gpio_stm32_init
                0x0000000008001734       0x70 ./out/zephyr/zephyr/drivers/gpio/libdrivers__gpio.a(gpio_stm32.c.obj)
 .text.gpio_stm32_pin_interrupt_configure
                0x00000000080017a4      0x110 ./out/zephyr/zephyr/drivers/gpio/libdrivers__gpio.a(gpio_stm32.c.obj)
 .text.uart_stm32_init
                0x00000000080018b4       0xc4 ./out/zephyr/zephyr/drivers/serial/libdrivers__serial.a(uart_stm32.c.obj)
 .text.uart_stm32_configure
                0x0000000008001978      0x130 ./out/zephyr/zephyr/drivers/serial/libdrivers__serial.a(uart_stm32.c.obj)
 .text.UTILS_PLL_IsBusy
                0x0000000008001aa8       0x28 ./out/zephyr/modules/stm32/stm32cube/lib..__modules__hal__stm32__stm32cube.a(stm32l4xx_ll_utils.c.obj)
 .text.LL_SetFlashLatency
                0x0000000008001ad0       0xa4 ./out/zephyr/modules/stm32/stm32cube/lib..__modules__hal__stm32__stm32cube.a(stm32l4xx_ll_utils.c.obj)
                0x0000000008001ad0                LL_SetFlashLatency
 .text.UTILS_EnablePLLAndSwitchSystem
                0x0000000008001b74       0x94 ./out/zephyr/modules/stm32/stm32cube/lib..__modules__hal__stm32__stm32cube.a(stm32l4xx_ll_utils.c.obj)
 .text.LL_PLL_ConfigSystemClock_HSI
                0x0000000008001c08       0x60 ./out/zephyr/modules/stm32/stm32cube/lib..__modules__hal__stm32__stm32cube.a(stm32l4xx_ll_utils.c.obj)
                0x0000000008001c08                LL_PLL_ConfigSystemClock_HSI
 .text.z_sys_init_run_level
                0x0000000008001c68       0x50 ./out/zephyr/zephyr/kernel/libkernel.a(device.c.obj)
                0x0000000008001c68                z_sys_init_run_level
 .text.z_device_ready
                0x0000000008001cb8       0x2c ./out/zephyr/zephyr/kernel/libkernel.a(device.c.obj)
                0x0000000008001cb8                z_device_ready
 .text.z_impl_device_get_binding
                0x0000000008001ce4       0x50 ./out/zephyr/zephyr/kernel/libkernel.a(device.c.obj)
                0x0000000008001ce4                z_impl_device_get_binding
 .text.z_bss_zero
                0x0000000008001d34       0x14 ./out/zephyr/zephyr/kernel/libkernel.a(init.c.obj)
                0x0000000008001d34                z_bss_zero
 .text.bg_thread_main
                0x0000000008001d48       0x34 ./out/zephyr/zephyr/kernel/libkernel.a(init.c.obj)
 .text.z_cstart
                0x0000000008001d7c      0x104 ./out/zephyr/zephyr/kernel/libkernel.a(init.c.obj)
                0x0000000008001d7c                z_cstart
 .text.z_reset_time_slice
                0x0000000008001e80       0x2c ./out/zephyr/zephyr/kernel/libkernel.a(sched.c.obj)
                0x0000000008001e80                z_reset_time_slice
 .text.k_sched_time_slice_set
                0x0000000008001eac       0x40 ./out/zephyr/zephyr/kernel/libkernel.a(sched.c.obj)
                0x0000000008001eac                k_sched_time_slice_set
 .text.z_reschedule
                0x0000000008001eec       0x24 ./out/zephyr/zephyr/kernel/libkernel.a(sched.c.obj)
                0x0000000008001eec                z_reschedule
 .text.k_sched_lock
                0x0000000008001f10       0x28 ./out/zephyr/zephyr/kernel/libkernel.a(sched.c.obj)
                0x0000000008001f10                k_sched_lock
 .text.z_priq_dumb_remove
                0x0000000008001f38       0x2c ./out/zephyr/zephyr/kernel/libkernel.a(sched.c.obj)
                0x0000000008001f38                z_priq_dumb_remove
 .text.update_cache
                0x0000000008001f64       0x50 ./out/zephyr/zephyr/kernel/libkernel.a(sched.c.obj)
 .text.k_sched_unlock
                0x0000000008001fb4       0x38 ./out/zephyr/zephyr/kernel/libkernel.a(sched.c.obj)
                0x0000000008001fb4                k_sched_unlock
 .text.ready_thread
                0x0000000008001fec       0x68 ./out/zephyr/zephyr/kernel/libkernel.a(sched.c.obj)
 .text.z_sched_start
                0x0000000008002054       0x3c ./out/zephyr/zephyr/kernel/libkernel.a(sched.c.obj)
                0x0000000008002054                z_sched_start
 .text.move_thread_to_end_of_prio_q
                0x0000000008002090       0x70 ./out/zephyr/zephyr/kernel/libkernel.a(sched.c.obj)
 .text.z_time_slice
                0x0000000008002100       0x84 ./out/zephyr/zephyr/kernel/libkernel.a(sched.c.obj)
                0x0000000008002100                z_time_slice
 .text.z_impl_k_thread_suspend
                0x0000000008002184       0x68 ./out/zephyr/zephyr/kernel/libkernel.a(sched.c.obj)
                0x0000000008002184                z_impl_k_thread_suspend
 .text.z_thread_single_abort
                0x00000000080021ec      0x104 ./out/zephyr/zephyr/kernel/libkernel.a(sched.c.obj)
                0x00000000080021ec                z_thread_single_abort
 .text.z_sched_init
                0x00000000080022f0       0x18 ./out/zephyr/zephyr/kernel/libkernel.a(sched.c.obj)
                0x00000000080022f0                z_sched_init
 .text.z_impl_k_current_get
                0x0000000008002308        0xc ./out/zephyr/zephyr/kernel/libkernel.a(sched.c.obj)
                0x0000000008002308                z_impl_k_current_get
 .text.z_setup_new_thread
                0x0000000008002314       0x64 ./out/zephyr/zephyr/kernel/libkernel.a(thread.c.obj)
                0x0000000008002314                z_setup_new_thread
 .text.z_init_static_threads
                0x0000000008002378       0x98 ./out/zephyr/zephyr/kernel/libkernel.a(thread.c.obj)
                0x0000000008002378                z_init_static_threads
 .text.z_self_abort
                0x0000000008002410       0x28 ./out/zephyr/zephyr/kernel/libkernel.a(thread_abort.c.obj)
                0x0000000008002410                z_self_abort
 .text.boot_banner
                0x0000000008002438       0x18 ./out/zephyr/zephyr/kernel/libkernel.a(banner.c.obj)
                0x0000000008002438                boot_banner
 .text.z_data_copy
                0x0000000008002450       0x34 ./out/zephyr/zephyr/kernel/libkernel.a(xip.c.obj)
                0x0000000008002450                z_data_copy
 .text.elapsed  0x0000000008002484       0x14 ./out/zephyr/zephyr/kernel/libkernel.a(timeout.c.obj)
 .text.remove_timeout
                0x0000000008002498       0x34 ./out/zephyr/zephyr/kernel/libkernel.a(timeout.c.obj)
 .text.next_timeout
                0x00000000080024cc       0x58 ./out/zephyr/zephyr/kernel/libkernel.a(timeout.c.obj)
 .text.z_add_timeout
                0x0000000008002524      0x110 ./out/zephyr/zephyr/kernel/libkernel.a(timeout.c.obj)
                0x0000000008002524                z_add_timeout
 .text.z_clock_announce
                0x0000000008002634       0xd8 ./out/zephyr/zephyr/kernel/libkernel.a(timeout.c.obj)
                0x0000000008002634                z_clock_announce
 .text.statics_init
                0x000000000800270c       0x24 ./out/zephyr/zephyr/kernel/libkernel.a(kheap.c.obj)
 .text.main     0x0000000008002730        0x4 ./out/zephyr/app/libapp.a(iw_main.c.obj)
                0x0000000008002730                main
 .text.arch_printk_char_out
                0x0000000008002734        0x4 ./out/zephyr/zephyr/libzephyr.a(printk.c.obj)
                0x0000000008002734                arch_printk_char_out
 .text.printk   0x0000000008002738       0x1a ./out/zephyr/zephyr/libzephyr.a(printk.c.obj)
                0x0000000008002738                printk
 .text.z_thread_entry
                0x0000000008002752       0x14 ./out/zephyr/zephyr/libzephyr.a(thread_entry.c.obj)
                0x0000000008002752                z_thread_entry
 .text.chunk_field
                0x0000000008002766       0x16 ./out/zephyr/zephyr/libzephyr.a(heap.c.obj)
 .text.chunk_set
                0x000000000800277c       0x16 ./out/zephyr/zephyr/libzephyr.a(heap.c.obj)
 .text.chunk_size
                0x0000000008002792        0xc ./out/zephyr/zephyr/libzephyr.a(heap.c.obj)
 .text.set_chunk_used
                0x000000000800279e       0x30 ./out/zephyr/zephyr/libzephyr.a(heap.c.obj)
 .text.set_chunk_size
                0x00000000080027ce        0x8 ./out/zephyr/zephyr/libzephyr.a(heap.c.obj)
 .text.bucket_idx
                0x00000000080027d6       0x1a ./out/zephyr/zephyr/libzephyr.a(heap.c.obj)
 .text.free_list_add
                0x00000000080027f0       0x8a ./out/zephyr/zephyr/libzephyr.a(heap.c.obj)
 .text.sys_heap_init
                0x000000000800287a       0xa4 ./out/zephyr/zephyr/libzephyr.a(heap.c.obj)
                0x000000000800287a                sys_heap_init
 .text.encode_uint
                0x000000000800291e       0x96 ./out/zephyr/zephyr/libzephyr.a(cbprintf_complete.c.obj)
 .text.outs     0x00000000080029b4       0x2c ./out/zephyr/zephyr/libzephyr.a(cbprintf_complete.c.obj)
 .text._ConfigAbsSyms
                0x00000000080029e0        0x2 ./out/zephyr/zephyr/libzephyr.a(configs.c.obj)
                0x00000000080029e0                _ConfigAbsSyms
 .text.__stm32_exti_isr_0
                0x00000000080029e2        0xa ./out/zephyr/zephyr/libzephyr.a(intc_exti_stm32.c.obj)
 .text.__stm32_exti_isr_1
                0x00000000080029ec        0xa ./out/zephyr/zephyr/libzephyr.a(intc_exti_stm32.c.obj)
 .text.__stm32_exti_isr_2
                0x00000000080029f6        0xa ./out/zephyr/zephyr/libzephyr.a(intc_exti_stm32.c.obj)
 .text.__stm32_exti_isr_3
                0x0000000008002a00        0xa ./out/zephyr/zephyr/libzephyr.a(intc_exti_stm32.c.obj)
 .text.__stm32_exti_isr_4
                0x0000000008002a0a        0xa ./out/zephyr/zephyr/libzephyr.a(intc_exti_stm32.c.obj)
 .text.__stm32_exti_isr_9_5
                0x0000000008002a14        0xa ./out/zephyr/zephyr/libzephyr.a(intc_exti_stm32.c.obj)
 .text.__stm32_exti_isr_15_10
                0x0000000008002a1e        0xa ./out/zephyr/zephyr/libzephyr.a(intc_exti_stm32.c.obj)
 .text.stm32_exti_init
                0x0000000008002a28       0x4c ./out/zephyr/zephyr/libzephyr.a(intc_exti_stm32.c.obj)
 .text.config_pll_init
                0x0000000008002a74       0x10 ./out/zephyr/zephyr/libzephyr.a(clock_stm32l4_l5_wb.c.obj)
                0x0000000008002a74                config_pll_init
 .text.config_enable_default_clocks
                0x0000000008002a84        0x2 ./out/zephyr/zephyr/libzephyr.a(clock_stm32l4_l5_wb.c.obj)
                0x0000000008002a84                config_enable_default_clocks
 .text.z_irq_spurious
                0x0000000008002a86        0x8 ./out/zephyr/zephyr/arch/arch/arm/core/aarch32/libarch__arm__core__aarch32.a(irq_manage.c.obj)
                0x0000000008002a86                z_irq_spurious
 .text.z_arm_fatal_error
                0x0000000008002a8e        0x4 ./out/zephyr/zephyr/arch/arch/arm/core/aarch32/libarch__arm__core__aarch32.a(fatal.c.obj)
                0x0000000008002a8e                z_arm_fatal_error
 .text.z_do_kernel_oops
                0x0000000008002a92        0x8 ./out/zephyr/zephyr/arch/arch/arm/core/aarch32/libarch__arm__core__aarch32.a(fatal.c.obj)
                0x0000000008002a92                z_do_kernel_oops
 .text.z_arm_nmi
                0x0000000008002a9a        0xe ./out/zephyr/zephyr/arch/arch/arm/core/aarch32/libarch__arm__core__aarch32.a(nmi.c.obj)
                0x0000000008002a9a                z_arm_nmi
 .text.strlen   0x0000000008002aa8        0xe ./out/zephyr/zephyr/lib/libc/minimal/liblib__libc__minimal.a(string.c.obj)
                0x0000000008002aa8                strlen
 .text.strnlen  0x0000000008002ab6       0x12 ./out/zephyr/zephyr/lib/libc/minimal/liblib__libc__minimal.a(string.c.obj)
                0x0000000008002ab6                strnlen
 .text.strcmp   0x0000000008002ac8       0x18 ./out/zephyr/zephyr/lib/libc/minimal/liblib__libc__minimal.a(string.c.obj)
                0x0000000008002ac8                strcmp
 .text.memcpy   0x0000000008002ae0       0x56 ./out/zephyr/zephyr/lib/libc/minimal/liblib__libc__minimal.a(string.c.obj)
                0x0000000008002ae0                memcpy
 .text.memset   0x0000000008002b36       0x46 ./out/zephyr/zephyr/lib/libc/minimal/liblib__libc__minimal.a(string.c.obj)
                0x0000000008002b36                memset
 .text._stdout_hook_default
                0x0000000008002b7c        0x6 ./out/zephyr/zephyr/lib/libc/minimal/liblib__libc__minimal.a(stdout_console.c.obj)
 .text.gpio_stm32_isr
                0x0000000008002b82       0x26 ./out/zephyr/zephyr/drivers/gpio/libdrivers__gpio.a(gpio_stm32.c.obj)
 .text.gpio_stm32_port_get_raw
                0x0000000008002ba8        0xc ./out/zephyr/zephyr/drivers/gpio/libdrivers__gpio.a(gpio_stm32.c.obj)
 .text.gpio_stm32_port_set_masked_raw
                0x0000000008002bb4       0x12 ./out/zephyr/zephyr/drivers/gpio/libdrivers__gpio.a(gpio_stm32.c.obj)
 .text.gpio_stm32_port_set_bits_raw
                0x0000000008002bc6        0xa ./out/zephyr/zephyr/drivers/gpio/libdrivers__gpio.a(gpio_stm32.c.obj)
 .text.gpio_stm32_port_clear_bits_raw
                0x0000000008002bd0        0xa ./out/zephyr/zephyr/drivers/gpio/libdrivers__gpio.a(gpio_stm32.c.obj)
 .text.gpio_stm32_port_toggle_bits
                0x0000000008002bda        0xe ./out/zephyr/zephyr/drivers/gpio/libdrivers__gpio.a(gpio_stm32.c.obj)
 .text.gpio_stm32_manage_callback
                0x0000000008002be8       0x56 ./out/zephyr/zephyr/drivers/gpio/libdrivers__gpio.a(gpio_stm32.c.obj)
 .text.gpio_stm32_configure
                0x0000000008002c3e      0x114 ./out/zephyr/zephyr/drivers/gpio/libdrivers__gpio.a(gpio_stm32.c.obj)
                0x0000000008002c3e                gpio_stm32_configure
 .text.gpio_stm32_config
                0x0000000008002d52       0x74 ./out/zephyr/zephyr/drivers/gpio/libdrivers__gpio.a(gpio_stm32.c.obj)
 .text.uart_stm32_set_baudrate
                0x0000000008002dc6       0x2c ./out/zephyr/zephyr/drivers/serial/libdrivers__serial.a(uart_stm32.c.obj)
 .text.uart_stm32_config_get
                0x0000000008002df2       0x78 ./out/zephyr/zephyr/drivers/serial/libdrivers__serial.a(uart_stm32.c.obj)
 .text.uart_stm32_poll_out
                0x0000000008002e6a       0x14 ./out/zephyr/zephyr/drivers/serial/libdrivers__serial.a(uart_stm32.c.obj)
 .text.uart_stm32_err_check
                0x0000000008002e7e       0x3c ./out/zephyr/zephyr/drivers/serial/libdrivers__serial.a(uart_stm32.c.obj)
 .text.uart_stm32_poll_in
                0x0000000008002eba       0x20 ./out/zephyr/zephyr/drivers/serial/libdrivers__serial.a(uart_stm32.c.obj)
 .text.UTILS_GetPLLOutputFrequency
                0x0000000008002eda       0x20 ./out/zephyr/modules/stm32/stm32cube/lib..__modules__hal__stm32__stm32cube.a(stm32l4xx_ll_utils.c.obj)
 .text.arch_system_halt
                0x0000000008002efa       0x12 ./out/zephyr/zephyr/kernel/libkernel.a(fatal.c.obj)
                0x0000000008002efa                arch_system_halt
 .text.k_sys_fatal_error_handler
                0x0000000008002f0c        0x6 ./out/zephyr/zephyr/kernel/libkernel.a(fatal.c.obj)
                0x0000000008002f0c                k_sys_fatal_error_handler
 .text.z_fatal_error
                0x0000000008002f12       0x36 ./out/zephyr/zephyr/kernel/libkernel.a(fatal.c.obj)
                0x0000000008002f12                z_fatal_error
 .text.z_reschedule_irqlock
                0x0000000008002f48       0x18 ./out/zephyr/zephyr/kernel/libkernel.a(sched.c.obj)
                0x0000000008002f48                z_reschedule_irqlock
 .text.z_reschedule_unlocked
                0x0000000008002f60       0x14 ./out/zephyr/zephyr/kernel/libkernel.a(sched.c.obj)
 .text.unpend_thread_no_timeout
                0x0000000008002f74       0x18 ./out/zephyr/zephyr/kernel/libkernel.a(sched.c.obj)
 .text.z_priq_dumb_best
                0x0000000008002f8c        0xc ./out/zephyr/zephyr/kernel/libkernel.a(sched.c.obj)
                0x0000000008002f8c                z_priq_dumb_best
 .text.z_ready_thread
                0x0000000008002f98       0x20 ./out/zephyr/zephyr/kernel/libkernel.a(sched.c.obj)
                0x0000000008002f98                z_ready_thread
 .text.z_thread_timeout
                0x0000000008002fb8       0x40 ./out/zephyr/zephyr/kernel/libkernel.a(sched.c.obj)
                0x0000000008002fb8                z_thread_timeout
 .text.z_abort_timeout
                0x0000000008002ff8       0x2c ./out/zephyr/zephyr/kernel/libkernel.a(timeout.c.obj)
                0x0000000008002ff8                z_abort_timeout
 .text.z_get_next_timeout_expiry
                0x0000000008003024       0x20 ./out/zephyr/zephyr/kernel/libkernel.a(timeout.c.obj)
                0x0000000008003024                z_get_next_timeout_expiry
 .text.z_set_timeout_expiry
                0x0000000008003044       0x34 ./out/zephyr/zephyr/kernel/libkernel.a(timeout.c.obj)
                0x0000000008003044                z_set_timeout_expiry
 .text.idle     0x0000000008003078       0x54 ./out/zephyr/zephyr/kernel/libkernel.a(idle.c.obj)
                0x0000000008003078                idle
 .text.k_heap_init
                0x00000000080030cc       0x10 ./out/zephyr/zephyr/kernel/libkernel.a(kheap.c.obj)
                0x00000000080030cc                k_heap_init
 .text._OffsetAbsSyms
                0x00000000080030dc        0x2 ./out/zephyr/zephyr/CMakeFiles/offsets.dir/./arch/arm/core/offsets/offsets.c.obj
                0x00000000080030dc                _OffsetAbsSyms
 *(SORT_BY_ALIGNMENT(.TEXT.*))
 *(SORT_BY_ALIGNMENT(.gnu.linkonce.t.*))
 *(SORT_BY_ALIGNMENT(.glue_7t))
 .glue_7t       0x00000000080030de        0x0 linker stubs
 *(SORT_BY_ALIGNMENT(.glue_7))
 .glue_7        0x00000000080030de        0x0 linker stubs
 *(SORT_BY_ALIGNMENT(.vfp11_veneer))
 .vfp11_veneer  0x00000000080030de        0x0 linker stubs
 *(SORT_BY_ALIGNMENT(.v4_bx))
 .v4_bx         0x00000000080030de        0x0 linker stubs
                0x00000000080030de                _image_text_end = .

.ARM.exidx      0x00000000080030e0        0x8
                0x00000000080030e0                __exidx_start = .
 *(SORT_BY_ALIGNMENT(.ARM.exidx*) SORT_BY_ALIGNMENT(gnu.linkonce.armexidx.*))
 .ARM.exidx     0x00000000080030e0        0x8 oal/kernel/zephyr-sdk-0.11.4/arm-zephyr-eabi/bin/../lib/gcc/arm-zephyr-eabi/9.2.0/thumb/v7e-m/nofp/libgcc.a(_udivmoddi4.o)
                0x00000000080030e8                __exidx_end = .
                0x00000000080030e8                _image_rodata_start = .

initlevel       0x00000000080030e8       0x88
                0x00000000080030e8                __init_start = .
                0x00000000080030e8                __init_PRE_KERNEL_1_start = .
 *(SORT_BY_NAME(SORT_BY_ALIGNMENT(.init_PRE_KERNEL_1[0-9]*)))
 .init_PRE_KERNEL_10
                0x00000000080030e8        0x8 ./out/zephyr/zephyr/libzephyr.a(soc.c.obj)
 .init_PRE_KERNEL_11
                0x00000000080030f0        0x8 ./out/zephyr/zephyr/libzephyr.a(clock_stm32_ll_common.c.obj)
 .init_PRE_KERNEL_130
                0x00000000080030f8        0x8 ./out/zephyr/zephyr/kernel/libkernel.a(kheap.c.obj)
 .init_PRE_KERNEL_140
                0x0000000008003100        0x8 ./out/zephyr/zephyr/arch/arch/arm/core/aarch32/cortex_m/mpu/libarch__arm__core__aarch32__cortex_m__mpu.a(arm_mpu.c.obj)
 .init_PRE_KERNEL_150
                0x0000000008003108        0x8 ./out/zephyr/zephyr/libzephyr.a(intc_exti_stm32.c.obj)
 .init_PRE_KERNEL_150
                0x0000000008003110       0x10 ./out/zephyr/zephyr/drivers/serial/libdrivers__serial.a(uart_stm32.c.obj)
 .init_PRE_KERNEL_160
                0x0000000008003120        0x8 ./out/zephyr/zephyr/libzephyr.a(uart_console.c.obj)
 *(SORT_BY_NAME(SORT_BY_ALIGNMENT(.init_PRE_KERNEL_1[1-9][0-9]*)))
                0x0000000008003128                __init_PRE_KERNEL_2_start = .
 *(SORT_BY_NAME(SORT_BY_ALIGNMENT(.init_PRE_KERNEL_2[0-9]*)))
 .init_PRE_KERNEL_20
                0x0000000008003128        0x8 ./out/zephyr/zephyr/libzephyr.a(sys_clock_init.c.obj)
 *(SORT_BY_NAME(SORT_BY_ALIGNMENT(.init_PRE_KERNEL_2[1-9][0-9]*)))
                0x0000000008003130                __init_POST_KERNEL_start = .
 *(SORT_BY_NAME(SORT_BY_ALIGNMENT(.init_POST_KERNEL[0-9]*)))
 .init_POST_KERNEL40
                0x0000000008003130       0x40 ./out/zephyr/zephyr/drivers/gpio/libdrivers__gpio.a(gpio_stm32.c.obj)
 *(SORT_BY_NAME(SORT_BY_ALIGNMENT(.init_POST_KERNEL[1-9][0-9]*)))
                0x0000000008003170                __init_APPLICATION_start = .
 *(SORT_BY_NAME(SORT_BY_ALIGNMENT(.init_APPLICATION[0-9]*)))
 *(SORT_BY_NAME(SORT_BY_ALIGNMENT(.init_APPLICATION[1-9][0-9]*)))
                0x0000000008003170                __init_SMP_start = .
 *(SORT_BY_NAME(SORT_BY_ALIGNMENT(.init_SMP[0-9]*)))
 *(SORT_BY_NAME(SORT_BY_ALIGNMENT(.init_SMP[1-9][0-9]*)))
                0x0000000008003170                __init_end = .

sw_isr_table    0x0000000008003170      0x290
                0x0000000008003170                . = ALIGN (0x0)
 *(SORT_BY_ALIGNMENT(.gnu.linkonce.sw_isr_table*))
 .gnu.linkonce.sw_isr_table*
                0x0000000008003170      0x290 ./out/zephyr/zephyr/CMakeFiles/zephyr_final.dir/isr_tables.c.obj
                0x0000000008003170                _sw_isr_table

initlevel_error
                0x00000000080030e8        0x0
 *(SORT_BY_NAME(SORT_BY_ALIGNMENT(.init_[_A-Z0-9]*)))
                0x0000000000000001                ASSERT ((SIZEOF (initlevel_error) == 0x0), Undefined initialization levels used.)

app_shmem_regions
                0x0000000008003400        0x0
                0x0000000008003400                __app_shmem_regions_start = .
 *(SORT_BY_NAME(SORT_BY_ALIGNMENT(.app_regions.*)))
                0x0000000008003400                __app_shmem_regions_end = .

bt_l2cap_fixed_chan_area
                0x0000000008003400        0x0
                0x0000000008003400                _bt_l2cap_fixed_chan_list_start = .
 *(SORT_BY_NAME(SORT_BY_ALIGNMENT(._bt_l2cap_fixed_chan.static.*)))
                0x0000000008003400                _bt_l2cap_fixed_chan_list_end = .

bt_gatt_service_static_area
                0x0000000008003400        0x0
                0x0000000008003400                _bt_gatt_service_static_list_start = .
 *(SORT_BY_NAME(SORT_BY_ALIGNMENT(._bt_gatt_service_static.static.*)))
                0x0000000008003400                _bt_gatt_service_static_list_end = .

log_const_sections
                0x0000000008003400        0x0
                0x0000000008003400                __log_const_start = .
 *(SORT_BY_NAME(SORT_BY_ALIGNMENT(.log_const_*)))
                0x0000000008003400                __log_const_end = .

log_backends_sections
                0x0000000008003400        0x0
                0x0000000008003400                __log_backends_start = .
 *(SORT_BY_ALIGNMENT(._log_backend.*))
                0x0000000008003400                __log_backends_end = .

shell_area      0x0000000008003400        0x0
                0x0000000008003400                _shell_list_start = .
 *(SORT_BY_NAME(SORT_BY_ALIGNMENT(._shell.static.*)))
                0x0000000008003400                _shell_list_end = .

shell_root_cmds_sections
                0x0000000008003400        0x0
                0x0000000008003400                __shell_root_cmds_start = .
 *(SORT_BY_NAME(SORT_BY_ALIGNMENT(.shell_root_cmd_*)))
                0x0000000008003400                __shell_root_cmds_end = .

font_entry_sections
                0x0000000008003400        0x0
                0x0000000008003400                __font_entry_start = .
 *(SORT_BY_NAME(SORT_BY_ALIGNMENT(._cfb_font.*)))
                0x0000000008003400                __font_entry_end = .

tracing_backend_area
                0x0000000008003400        0x0
                0x0000000008003400                _tracing_backend_list_start = .
 *(SORT_BY_NAME(SORT_BY_ALIGNMENT(._tracing_backend.static.*)))
                0x0000000008003400                _tracing_backend_list_end = .

tdata           0x0000000008003400        0x0
 *(SORT_BY_ALIGNMENT(.tdata) SORT_BY_ALIGNMENT(.tdata.*) SORT_BY_ALIGNMENT(.gnu.linkonce.td.*))

tbss            0x0000000008003400        0x0
 *(SORT_BY_ALIGNMENT(.tbss) SORT_BY_ALIGNMENT(.tbss.*) SORT_BY_ALIGNMENT(.gnu.linkonce.tb.*) SORT_BY_ALIGNMENT(.tcommon))
                [!provide]                        PROVIDE (__tdata_start = LOADADDR (tdata))
                [!provide]                        PROVIDE (__tdata_size = SIZEOF (tdata))
                [!provide]                        PROVIDE (__tdata_end = (__tdata_start + __tdata_size))
                [!provide]                        PROVIDE (__tbss_start = LOADADDR (tbss))
                [!provide]                        PROVIDE (__tbss_size = SIZEOF (tbss))
                [!provide]                        PROVIDE (__tbss_end = (__tbss_start + __tbss_size))
                [!provide]                        PROVIDE (__tls_start = __tdata_start)
                [!provide]                        PROVIDE (__tls_end = __tbss_end)
                [!provide]                        PROVIDE (__tls_size = (__tbss_end - __tdata_start))

rodata          0x0000000008003400      0x29c
 *(SORT_BY_ALIGNMENT(.rodata))
 .rodata        0x0000000008003400        0x8 ./out/zephyr/zephyr/drivers/gpio/libdrivers__gpio.a(gpio_stm32.c.obj)
 *(SORT_BY_ALIGNMENT(.rodata.*))
 .rodata.ports_enable
                0x0000000008003408       0x2c ./out/zephyr/zephyr/libzephyr.a(pinmux_stm32.c.obj)
 .rodata.static_regions
                0x0000000008003434        0xc ./out/zephyr/zephyr/arch/arch/arm/core/aarch32/cortex_m/mpu/libarch__arm__core__aarch32__cortex_m__mpu.a(arm_core_mpu.c.obj)
 .rodata.mpu_config
                0x0000000008003440        0x8 ./out/zephyr/zephyr/soc/arm/common/cortex_m/libsoc__arm__common__cortex_m.a(arm_mpu_regions.c.obj)
                0x0000000008003440                mpu_config
 .rodata.mpu_regions
                0x0000000008003448       0x18 ./out/zephyr/zephyr/soc/arm/common/cortex_m/libsoc__arm__common__cortex_m.a(arm_mpu_regions.c.obj)
 .rodata.gpio_stm32_cfg_a
                0x0000000008003460       0x14 ./out/zephyr/zephyr/drivers/gpio/libdrivers__gpio.a(gpio_stm32.c.obj)
 .rodata.gpio_stm32_cfg_b
                0x0000000008003474       0x14 ./out/zephyr/zephyr/drivers/gpio/libdrivers__gpio.a(gpio_stm32.c.obj)
 .rodata.gpio_stm32_cfg_c
                0x0000000008003488       0x14 ./out/zephyr/zephyr/drivers/gpio/libdrivers__gpio.a(gpio_stm32.c.obj)
 .rodata.gpio_stm32_cfg_d
                0x000000000800349c       0x14 ./out/zephyr/zephyr/drivers/gpio/libdrivers__gpio.a(gpio_stm32.c.obj)
 .rodata.gpio_stm32_cfg_e
                0x00000000080034b0       0x14 ./out/zephyr/zephyr/drivers/gpio/libdrivers__gpio.a(gpio_stm32.c.obj)
 .rodata.gpio_stm32_cfg_f
                0x00000000080034c4       0x14 ./out/zephyr/zephyr/drivers/gpio/libdrivers__gpio.a(gpio_stm32.c.obj)
 .rodata.gpio_stm32_cfg_g
                0x00000000080034d8       0x14 ./out/zephyr/zephyr/drivers/gpio/libdrivers__gpio.a(gpio_stm32.c.obj)
 .rodata.gpio_stm32_cfg_h
                0x00000000080034ec       0x14 ./out/zephyr/zephyr/drivers/gpio/libdrivers__gpio.a(gpio_stm32.c.obj)
 .rodata.gpio_stm32_driver
                0x0000000008003500       0x24 ./out/zephyr/zephyr/drivers/gpio/libdrivers__gpio.a(gpio_stm32.c.obj)
 .rodata.uart_pins_0
                0x0000000008003524       0x10 ./out/zephyr/zephyr/drivers/serial/libdrivers__serial.a(uart_stm32.c.obj)
 .rodata.uart_pins_1
                0x0000000008003534       0x10 ./out/zephyr/zephyr/drivers/serial/libdrivers__serial.a(uart_stm32.c.obj)
 .rodata.uart_stm32_cfg_0
                0x0000000008003544       0x20 ./out/zephyr/zephyr/drivers/serial/libdrivers__serial.a(uart_stm32.c.obj)
 .rodata.uart_stm32_cfg_1
                0x0000000008003564       0x20 ./out/zephyr/zephyr/drivers/serial/libdrivers__serial.a(uart_stm32.c.obj)
 .rodata.uart_stm32_driver_api
                0x0000000008003584       0x14 ./out/zephyr/zephyr/drivers/serial/libdrivers__serial.a(uart_stm32.c.obj)
 .rodata.levels.14221
                0x0000000008003598       0x14 ./out/zephyr/zephyr/kernel/libkernel.a(device.c.obj)
 .rodata._k_neg_eagain
                0x00000000080035ac        0x4 ./out/zephyr/zephyr/kernel/libkernel.a(errno.c.obj)
                0x00000000080035ac                _k_neg_eagain
 .rodata.CSWTCH.59
                0x00000000080035b0        0x6 ./out/zephyr/zephyr/drivers/serial/libdrivers__serial.a(uart_stm32.c.obj)
 .rodata.cbvprintf.str1.1
                0x00000000080035b6        0x6 ./out/zephyr/zephyr/libzephyr.a(cbprintf_complete.c.obj)
 .rodata.uart_console_init.str1.1
                0x00000000080035bc        0x7 ./out/zephyr/zephyr/libzephyr.a(uart_console.c.obj)
 .rodata.str1.1
                0x00000000080035c3        0xb ./out/zephyr/zephyr/libzephyr.a(intc_exti_stm32.c.obj)
 .rodata.exti_irq_table
                0x00000000080035ce       0x10 ./out/zephyr/zephyr/libzephyr.a(intc_exti_stm32.c.obj)
                0x00000000080035ce                exti_irq_table
 .rodata.str1.1
                0x00000000080035de        0xe ./out/zephyr/zephyr/libzephyr.a(clock_stm32_ll_common.c.obj)
 .rodata.enable_port.str1.1
                0x00000000080035ec        0xe ./out/zephyr/zephyr/libzephyr.a(pinmux_stm32.c.obj)
 .rodata.str1.1
                0x00000000080035ec        0xa ./out/zephyr/zephyr/libzephyr.a(sys_clock_init.c.obj)
 .rodata.str1.1
                0x00000000080035f6        0xf ./out/zephyr/zephyr/soc/arm/common/cortex_m/libsoc__arm__common__cortex_m.a(arm_mpu_regions.c.obj)
 .rodata.gpio_stm32_init.str1.1
                0x0000000008003605        0xe ./out/zephyr/zephyr/drivers/gpio/libdrivers__gpio.a(gpio_stm32.c.obj)
 .rodata.str1.1
                0x0000000008003605       0x30 ./out/zephyr/zephyr/drivers/gpio/libdrivers__gpio.a(gpio_stm32.c.obj)
 .rodata.uart_stm32_init.str1.1
                0x0000000008003635        0xe ./out/zephyr/zephyr/drivers/serial/libdrivers__serial.a(uart_stm32.c.obj)
 .rodata.str1.1
                0x0000000008003635        0x7 ./out/zephyr/zephyr/drivers/serial/libdrivers__serial.a(uart_stm32.c.obj)
                                          0xe (size before relaxing)
 .rodata.AHBPrescTable
                0x000000000800363c       0x10 ./out/zephyr/modules/stm32/stm32cube/lib..__modules__hal__stm32__stm32cube.a(system_stm32l4xx.c.obj)
                0x000000000800363c                AHBPrescTable
 .rodata.z_cstart.str1.1
                0x000000000800364c        0x5 ./out/zephyr/zephyr/kernel/libkernel.a(init.c.obj)
 .rodata.boot_banner.str1.1
                0x0000000008003651       0x48 ./out/zephyr/zephyr/kernel/libkernel.a(banner.c.obj)
                                         0x49 (size before relaxing)
 *(SORT_BY_ALIGNMENT(.gnu.linkonce.r.*))
                0x000000000800369c                . = ALIGN (0x4)
 *fill*         0x0000000008003699        0x3 
                0x000000000800369c                _image_rodata_end = .
                0x00000000080036a0                . = ALIGN (_region_min_align)
                0x0000000008004000                . = ALIGN ((0x1 << LOG2CEIL ((_image_rodata_end - _image_rom_start))))
                0x0000000008004000                _image_rom_end = .
                0x0000000020000000                . = 0x20000000
                0x0000000020000000                . = ALIGN (_region_min_align)
                0x0000000020000000                _image_ram_start = .

.ramfunc        0x0000000020000000        0x0 load address 0x000000000800369c
                0x0000000020000000                . = ALIGN (_region_min_align)
                0x0000000020000000                . = ALIGN ((0x1 << LOG2CEIL (_ramfunc_ram_size)))
                0x0000000020000000                _ramfunc_ram_start = .
 *(SORT_BY_ALIGNMENT(.ramfunc))
 *(SORT_BY_ALIGNMENT(.ramfunc.*))
                0x0000000020000000                . = ALIGN (_region_min_align)
                0x0000000020000000                . = ALIGN ((0x1 << LOG2CEIL (_ramfunc_ram_size)))
                0x0000000020000000                _ramfunc_ram_end = .
                0x0000000000000000                _ramfunc_ram_size = (_ramfunc_ram_end - _ramfunc_ram_start)
                0x000000000800369c                _ramfunc_rom_start = LOADADDR (.ramfunc)

datas           0x0000000020000000       0x38 load address 0x000000000800369c
                0x0000000020000000                __data_ram_start = .
 *(SORT_BY_ALIGNMENT(.data))
 *(SORT_BY_ALIGNMENT(.data.*))
 .data._char_out
                0x0000000020000000        0x4 ./out/zephyr/zephyr/libzephyr.a(printk.c.obj)
                0x0000000020000000                _char_out
 .data.stm32_clock_control_api
                0x0000000020000004       0x14 ./out/zephyr/zephyr/libzephyr.a(clock_stm32_ll_common.c.obj)
 .data._stdout_hook
                0x0000000020000018        0x4 ./out/zephyr/zephyr/lib/libc/minimal/liblib__libc__minimal.a(stdout_console.c.obj)
 .data.uart_stm32_data_0
                0x000000002000001c        0x8 ./out/zephyr/zephyr/drivers/serial/libdrivers__serial.a(uart_stm32.c.obj)
 .data.uart_stm32_data_1
                0x0000000020000024        0x8 ./out/zephyr/zephyr/drivers/serial/libdrivers__serial.a(uart_stm32.c.obj)
 .data.SystemCoreClock
                0x000000002000002c        0x4 ./out/zephyr/modules/stm32/stm32cube/lib..__modules__hal__stm32__stm32cube.a(system_stm32l4xx.c.obj)
                0x000000002000002c                SystemCoreClock
 .data.timeout_list
                0x0000000020000030        0x8 ./out/zephyr/zephyr/kernel/libkernel.a(timeout.c.obj)
 *(SORT_BY_ALIGNMENT(.kernel.*))
                0x000000000800369c                __data_rom_start = LOADADDR (datas)

devices         0x0000000020000038       0xd4 load address 0x00000000080036d4
                0x0000000020000038                __device_start = .
                0x0000000020000038                __device_PRE_KERNEL_1_start = .
 *(SORT_BY_NAME(SORT_BY_ALIGNMENT(.device_PRE_KERNEL_1[0-9]*)))
 .device_PRE_KERNEL_11
                0x0000000020000038       0x10 ./out/zephyr/zephyr/libzephyr.a(clock_stm32_ll_common.c.obj)
                0x0000000020000038                __device_DT_N_S_soc_S_rcc_40021000
 .device_PRE_KERNEL_150
                0x0000000020000048       0x10 ./out/zephyr/zephyr/libzephyr.a(intc_exti_stm32.c.obj)
 .device_PRE_KERNEL_150
                0x0000000020000058       0x20 ./out/zephyr/zephyr/drivers/serial/libdrivers__serial.a(uart_stm32.c.obj)
                0x0000000020000058                __device_DT_N_S_soc_S_serial_40004400
                0x0000000020000068                __device_DT_N_S_soc_S_serial_40013800
 *(SORT_BY_NAME(SORT_BY_ALIGNMENT(.device_PRE_KERNEL_1[1-9][0-9]*)))
                0x0000000020000078                __device_PRE_KERNEL_2_start = .
 *(SORT_BY_NAME(SORT_BY_ALIGNMENT(.device_PRE_KERNEL_2[0-9]*)))
 .device_PRE_KERNEL_20
                0x0000000020000078       0x10 ./out/zephyr/zephyr/libzephyr.a(sys_clock_init.c.obj)
 *(SORT_BY_NAME(SORT_BY_ALIGNMENT(.device_PRE_KERNEL_2[1-9][0-9]*)))
                0x0000000020000088                __device_POST_KERNEL_start = .
 *(SORT_BY_NAME(SORT_BY_ALIGNMENT(.device_POST_KERNEL[0-9]*)))
 .device_POST_KERNEL40
                0x0000000020000088       0x80 ./out/zephyr/zephyr/drivers/gpio/libdrivers__gpio.a(gpio_stm32.c.obj)
                0x0000000020000088                __device_DT_N_S_soc_S_pin_controller_48000000_S_gpio_48001c00
                0x0000000020000098                __device_DT_N_S_soc_S_pin_controller_48000000_S_gpio_48001800
                0x00000000200000a8                __device_DT_N_S_soc_S_pin_controller_48000000_S_gpio_48001400
                0x00000000200000b8                __device_DT_N_S_soc_S_pin_controller_48000000_S_gpio_48001000
                0x00000000200000c8                __device_DT_N_S_soc_S_pin_controller_48000000_S_gpio_48000c00
                0x00000000200000d8                __device_DT_N_S_soc_S_pin_controller_48000000_S_gpio_48000800
                0x00000000200000e8                __device_DT_N_S_soc_S_pin_controller_48000000_S_gpio_48000400
                0x00000000200000f8                __device_DT_N_S_soc_S_pin_controller_48000000_S_gpio_48000000
 *(SORT_BY_NAME(SORT_BY_ALIGNMENT(.device_POST_KERNEL[1-9][0-9]*)))
                0x0000000020000108                __device_APPLICATION_start = .
 *(SORT_BY_NAME(SORT_BY_ALIGNMENT(.device_APPLICATION[0-9]*)))
 *(SORT_BY_NAME(SORT_BY_ALIGNMENT(.device_APPLICATION[1-9][0-9]*)))
                0x0000000020000108                __device_SMP_start = .
 *(SORT_BY_NAME(SORT_BY_ALIGNMENT(.device_SMP[0-9]*)))
 *(SORT_BY_NAME(SORT_BY_ALIGNMENT(.device_SMP[1-9][0-9]*)))
                0x0000000020000108                __device_end = .
 FILL mask 0x00
                0x0000000020000108                __device_init_status_start = .
                0x000000002000010c                . = (. + (((((__device_end - __device_start) / 0x10) + 0x1f) / 0x20) * 0x4))
 *fill*         0x0000000020000108        0x4 00
                0x000000002000010c                __device_init_status_end = .

initshell       0x000000002000010c        0x0 load address 0x00000000080037a8
                0x000000002000010c                __shell_module_start = .
 *(SORT_BY_ALIGNMENT(.shell_module_*))
                0x000000002000010c                __shell_module_end = .
                0x000000002000010c                __shell_cmd_start = .
 *(SORT_BY_ALIGNMENT(.shell_cmd_*))
                0x000000002000010c                __shell_cmd_end = .

log_dynamic_sections
                0x000000002000010c        0x0 load address 0x00000000080037a8
                0x000000002000010c                __log_dynamic_start = .
 *(SORT_BY_NAME(SORT_BY_ALIGNMENT(.log_dynamic_*)))
                0x000000002000010c                __log_dynamic_end = .

_static_thread_data_area
                0x000000002000010c        0x0 load address 0x00000000080037a8
                0x000000002000010c                __static_thread_data_list_start = .
 *(SORT_BY_NAME(SORT_BY_ALIGNMENT(.__static_thread_data.static.*)))
                0x000000002000010c                __static_thread_data_list_end = .

k_timer_area    0x000000002000010c        0x0 load address 0x00000000080037a8
                0x000000002000010c                _k_timer_list_start = .
 *(SORT_BY_NAME(SORT_BY_ALIGNMENT(._k_timer.static.*)))
                0x000000002000010c                _k_timer_list_end = .

k_mem_slab_area
                0x000000002000010c        0x0 load address 0x00000000080037a8
                0x000000002000010c                _k_mem_slab_list_start = .
 *(SORT_BY_NAME(SORT_BY_ALIGNMENT(._k_mem_slab.static.*)))
                0x000000002000010c                _k_mem_slab_list_end = .

k_mem_pool_area
                0x000000002000010c        0x0 load address 0x00000000080037a8
                0x000000002000010c                _k_mem_pool_list_start = .
 *(SORT_BY_NAME(SORT_BY_ALIGNMENT(._k_mem_pool.static.*)))
                0x000000002000010c                _k_mem_pool_list_end = .

k_heap_area     0x000000002000010c        0x0 load address 0x00000000080037a8
                0x000000002000010c                _k_heap_list_start = .
 *(SORT_BY_NAME(SORT_BY_ALIGNMENT(._k_heap.static.*)))
                0x000000002000010c                _k_heap_list_end = .

k_mutex_area    0x000000002000010c        0x0 load address 0x00000000080037a8
                0x000000002000010c                _k_mutex_list_start = .
 *(SORT_BY_NAME(SORT_BY_ALIGNMENT(._k_mutex.static.*)))
                0x000000002000010c                _k_mutex_list_end = .

k_stack_area    0x000000002000010c        0x0 load address 0x00000000080037a8
                0x000000002000010c                _k_stack_list_start = .
 *(SORT_BY_NAME(SORT_BY_ALIGNMENT(._k_stack.static.*)))
                0x000000002000010c                _k_stack_list_end = .

k_msgq_area     0x000000002000010c        0x0 load address 0x00000000080037a8
                0x000000002000010c                _k_msgq_list_start = .
 *(SORT_BY_NAME(SORT_BY_ALIGNMENT(._k_msgq.static.*)))
                0x000000002000010c                _k_msgq_list_end = .

k_mbox_area     0x000000002000010c        0x0 load address 0x00000000080037a8
                0x000000002000010c                _k_mbox_list_start = .
 *(SORT_BY_NAME(SORT_BY_ALIGNMENT(._k_mbox.static.*)))
                0x000000002000010c                _k_mbox_list_end = .

k_pipe_area     0x000000002000010c        0x0 load address 0x00000000080037a8
                0x000000002000010c                _k_pipe_list_start = .
 *(SORT_BY_NAME(SORT_BY_ALIGNMENT(._k_pipe.static.*)))
                0x000000002000010c                _k_pipe_list_end = .

k_sem_area      0x000000002000010c        0x0 load address 0x00000000080037a8
                0x000000002000010c                _k_sem_list_start = .
 *(SORT_BY_NAME(SORT_BY_ALIGNMENT(._k_sem.static.*)))
                0x000000002000010c                _k_sem_list_end = .

k_queue_area    0x000000002000010c        0x0 load address 0x00000000080037a8
                0x000000002000010c                _k_queue_list_start = .
 *(SORT_BY_NAME(SORT_BY_ALIGNMENT(._k_queue.static.*)))
                0x000000002000010c                _k_queue_list_end = .

_net_buf_pool_area
                0x000000002000010c        0x0 load address 0x00000000080037a8
                0x000000002000010c                _net_buf_pool_list = .
 *(SORT_BY_NAME(SORT_BY_ALIGNMENT(._net_buf_pool.static.*)))
                0x000000002000010c                __data_ram_end = .

bss             0x0000000020000110      0x26a
                0x0000000020000110                . = ALIGN (0x4)
                0x0000000020000110                __bss_start = .
                0x0000000020000110                __kernel_ram_start = .
 *(SORT_BY_ALIGNMENT(.bss))
 *(SORT_BY_ALIGNMENT(.bss.*))
 .bss.z_idle_threads
                0x0000000020000110       0x80 ./out/zephyr/zephyr/kernel/libkernel.a(init.c.obj)
                0x0000000020000110                z_idle_threads
 .bss.z_main_thread
                0x0000000020000190       0x80 ./out/zephyr/zephyr/kernel/libkernel.a(init.c.obj)
                0x0000000020000190                z_main_thread
 .bss.curr_tick
                0x0000000020000210        0x8 ./out/zephyr/zephyr/kernel/libkernel.a(timeout.c.obj)
 .bss.uart_console_dev
                0x0000000020000218        0x4 ./out/zephyr/zephyr/libzephyr.a(uart_console.c.obj)
 .bss.exti_data
                0x000000002000021c       0x80 ./out/zephyr/zephyr/libzephyr.a(intc_exti_stm32.c.obj)
 .bss.announced_cycles
                0x000000002000029c        0x4 ./out/zephyr/zephyr/libzephyr.a(cortex_m_systick.c.obj)
 .bss.cycle_count
                0x00000000200002a0        0x4 ./out/zephyr/zephyr/libzephyr.a(cortex_m_systick.c.obj)
 .bss.last_load
                0x00000000200002a4        0x4 ./out/zephyr/zephyr/libzephyr.a(cortex_m_systick.c.obj)
 .bss.overflow_cyc
                0x00000000200002a8        0x4 ./out/zephyr/zephyr/libzephyr.a(cortex_m_systick.c.obj)
 .bss.dynamic_regions.14593
                0x00000000200002ac        0xc ./out/zephyr/zephyr/arch/arch/arm/core/aarch32/cortex_m/mpu/libarch__arm__core__aarch32__cortex_m__mpu.a(arm_core_mpu.c.obj)
 .bss.gpio_stm32_data_a
                0x00000000200002b8       0x10 ./out/zephyr/zephyr/drivers/gpio/libdrivers__gpio.a(gpio_stm32.c.obj)
 .bss.gpio_stm32_data_b
                0x00000000200002c8       0x10 ./out/zephyr/zephyr/drivers/gpio/libdrivers__gpio.a(gpio_stm32.c.obj)
 .bss.gpio_stm32_data_c
                0x00000000200002d8       0x10 ./out/zephyr/zephyr/drivers/gpio/libdrivers__gpio.a(gpio_stm32.c.obj)
 .bss.gpio_stm32_data_d
                0x00000000200002e8       0x10 ./out/zephyr/zephyr/drivers/gpio/libdrivers__gpio.a(gpio_stm32.c.obj)
 .bss.gpio_stm32_data_e
                0x00000000200002f8       0x10 ./out/zephyr/zephyr/drivers/gpio/libdrivers__gpio.a(gpio_stm32.c.obj)
 .bss.gpio_stm32_data_f
                0x0000000020000308       0x10 ./out/zephyr/zephyr/drivers/gpio/libdrivers__gpio.a(gpio_stm32.c.obj)
 .bss.gpio_stm32_data_g
                0x0000000020000318       0x10 ./out/zephyr/zephyr/drivers/gpio/libdrivers__gpio.a(gpio_stm32.c.obj)
 .bss.gpio_stm32_data_h
                0x0000000020000328       0x10 ./out/zephyr/zephyr/drivers/gpio/libdrivers__gpio.a(gpio_stm32.c.obj)
 .bss._kernel   0x0000000020000338       0x30 ./out/zephyr/zephyr/kernel/libkernel.a(sched.c.obj)
                0x0000000020000338                _kernel
 .bss.pending_current
                0x0000000020000368        0x4 ./out/zephyr/zephyr/kernel/libkernel.a(sched.c.obj)
 .bss.slice_max_prio
                0x000000002000036c        0x4 ./out/zephyr/zephyr/kernel/libkernel.a(sched.c.obj)
 .bss.slice_time
                0x0000000020000370        0x4 ./out/zephyr/zephyr/kernel/libkernel.a(sched.c.obj)
 .bss.announce_remaining
                0x0000000020000374        0x4 ./out/zephyr/zephyr/kernel/libkernel.a(timeout.c.obj)
 .bss.static_regions_num
                0x0000000020000378        0x1 ./out/zephyr/zephyr/arch/arch/arm/core/aarch32/cortex_m/mpu/libarch__arm__core__aarch32__cortex_m__mpu.a(arm_mpu.c.obj)
 .bss.z_sys_post_kernel
                0x0000000020000379        0x1 ./out/zephyr/zephyr/kernel/libkernel.a(init.c.obj)
                0x0000000020000379                z_sys_post_kernel
 .bss.sched_spinlock
                0x000000002000037a        0x0 ./out/zephyr/zephyr/kernel/libkernel.a(sched.c.obj)
 *(SORT_BY_ALIGNMENT(COMMON))
 *(SORT_BY_ALIGNMENT(.kernel_bss.*))
                0x000000002000037c                __bss_end = ALIGN (0x4)

noinit          0x0000000020000380      0xda0
 *(SORT_BY_ALIGNMENT(.noinit))
 *(SORT_BY_ALIGNMENT(.noinit.*))
 .noinit."WEST_TOPDIR/zephyr/kernel/init.c".2
                0x0000000020000380      0x420 ./out/zephyr/zephyr/kernel/libkernel.a(init.c.obj)
                0x0000000020000380                z_main_stack
 .noinit."WEST_TOPDIR/zephyr/kernel/init.c".3
                0x00000000200007a0      0x160 ./out/zephyr/zephyr/kernel/libkernel.a(init.c.obj)
 .noinit."WEST_TOPDIR/zephyr/kernel/init.c".4
                0x0000000020000900      0x820 ./out/zephyr/zephyr/kernel/libkernel.a(init.c.obj)
                0x0000000020000900                z_interrupt_stacks
 *(SORT_BY_ALIGNMENT(.kernel_noinit.*))
                0x0000000020001120                _image_ram_end = .
                0x0000000020001120                _end = .
                0x0000000020018000                __kernel_ram_end = 0x20018000
                0x0000000000017ef0                __kernel_ram_size = (__kernel_ram_end - __kernel_ram_start)

.stab
 *(SORT_BY_ALIGNMENT(.stab))

.stabstr
 *(SORT_BY_ALIGNMENT(.stabstr))

.stab.excl
 *(SORT_BY_ALIGNMENT(.stab.excl))

.stab.exclstr
 *(SORT_BY_ALIGNMENT(.stab.exclstr))

.stab.index
 *(SORT_BY_ALIGNMENT(.stab.index))

.stab.indexstr
 *(SORT_BY_ALIGNMENT(.stab.indexstr))

.gnu.build.attributes
 *(SORT_BY_ALIGNMENT(.gnu.build.attributes) SORT_BY_ALIGNMENT(.gnu.build.attributes.*))

.comment        0x0000000000000000       0x4c
 *(SORT_BY_ALIGNMENT(.comment))
 .comment       0x0000000000000000       0x4c ./out/zephyr/zephyr/CMakeFiles/zephyr_final.dir/isr_tables.c.obj
                                         0x4d (size before relaxing)
 .comment       0x000000000000004c       0x4d ./out/zephyr/app/libapp.a(iw_main.c.obj)
 .comment       0x000000000000004c       0x4d ./out/zephyr/zephyr/libzephyr.a(printk.c.obj)
 .comment       0x000000000000004c       0x4d ./out/zephyr/zephyr/libzephyr.a(thread_entry.c.obj)
 .comment       0x000000000000004c       0x4d ./out/zephyr/zephyr/libzephyr.a(heap.c.obj)
 .comment       0x000000000000004c       0x4d ./out/zephyr/zephyr/libzephyr.a(cbprintf_complete.c.obj)
 .comment       0x000000000000004c       0x4d ./out/zephyr/zephyr/libzephyr.a(configs.c.obj)
 .comment       0x000000000000004c       0x4d ./out/zephyr/zephyr/libzephyr.a(soc.c.obj)
 .comment       0x000000000000004c       0x4d ./out/zephyr/zephyr/libzephyr.a(uart_console.c.obj)
 .comment       0x000000000000004c       0x4d ./out/zephyr/zephyr/libzephyr.a(intc_exti_stm32.c.obj)
 .comment       0x000000000000004c       0x4d ./out/zephyr/zephyr/libzephyr.a(clock_stm32_ll_common.c.obj)
 .comment       0x000000000000004c       0x4d ./out/zephyr/zephyr/libzephyr.a(clock_stm32l4_l5_wb.c.obj)
 .comment       0x000000000000004c       0x4d ./out/zephyr/zephyr/libzephyr.a(pinmux_stm32.c.obj)
 .comment       0x000000000000004c       0x4d ./out/zephyr/zephyr/libzephyr.a(sys_clock_init.c.obj)
 .comment       0x000000000000004c       0x4d ./out/zephyr/zephyr/libzephyr.a(cortex_m_systick.c.obj)
 .comment       0x000000000000004c       0x4d ./out/zephyr/zephyr/arch/arch/arm/core/aarch32/libarch__arm__core__aarch32.a(swap.c.obj)
 .comment       0x000000000000004c       0x4d ./out/zephyr/zephyr/arch/arch/arm/core/aarch32/libarch__arm__core__aarch32.a(irq_manage.c.obj)
 .comment       0x000000000000004c       0x4d ./out/zephyr/zephyr/arch/arch/arm/core/aarch32/libarch__arm__core__aarch32.a(thread.c.obj)
 .comment       0x000000000000004c       0x4d ./out/zephyr/zephyr/arch/arch/arm/core/aarch32/libarch__arm__core__aarch32.a(fatal.c.obj)
 .comment       0x000000000000004c       0x4d ./out/zephyr/zephyr/arch/arch/arm/core/aarch32/libarch__arm__core__aarch32.a(nmi.c.obj)
 .comment       0x000000000000004c       0x4d ./out/zephyr/zephyr/arch/arch/arm/core/aarch32/libarch__arm__core__aarch32.a(prep_c.c.obj)
 .comment       0x000000000000004c       0x4d ./out/zephyr/zephyr/arch/arch/arm/core/aarch32/cortex_m/libarch__arm__core__aarch32__cortex_m.a(fault.c.obj)
 .comment       0x000000000000004c       0x4d ./out/zephyr/zephyr/arch/arch/arm/core/aarch32/cortex_m/libarch__arm__core__aarch32__cortex_m.a(irq_init.c.obj)
 .comment       0x000000000000004c       0x4d ./out/zephyr/zephyr/arch/arch/arm/core/aarch32/cortex_m/libarch__arm__core__aarch32__cortex_m.a(thread_abort.c.obj)
 .comment       0x000000000000004c       0x4d ./out/zephyr/zephyr/arch/arch/arm/core/aarch32/cortex_m/mpu/libarch__arm__core__aarch32__cortex_m__mpu.a(arm_core_mpu.c.obj)
 .comment       0x000000000000004c       0x4d ./out/zephyr/zephyr/arch/arch/arm/core/aarch32/cortex_m/mpu/libarch__arm__core__aarch32__cortex_m__mpu.a(arm_mpu.c.obj)
 .comment       0x000000000000004c       0x4d ./out/zephyr/zephyr/lib/libc/minimal/liblib__libc__minimal.a(string.c.obj)
 .comment       0x000000000000004c       0x4d ./out/zephyr/zephyr/lib/libc/minimal/liblib__libc__minimal.a(stdout_console.c.obj)
 .comment       0x000000000000004c       0x4d ./out/zephyr/zephyr/soc/arm/common/cortex_m/libsoc__arm__common__cortex_m.a(arm_mpu_regions.c.obj)
 .comment       0x000000000000004c       0x4d ./out/zephyr/zephyr/drivers/gpio/libdrivers__gpio.a(gpio_stm32.c.obj)
 .comment       0x000000000000004c       0x4d ./out/zephyr/zephyr/drivers/serial/libdrivers__serial.a(uart_stm32.c.obj)
 .comment       0x000000000000004c       0x4d ./out/zephyr/modules/stm32/stm32cube/lib..__modules__hal__stm32__stm32cube.a(system_stm32l4xx.c.obj)
 .comment       0x000000000000004c       0x4d ./out/zephyr/modules/stm32/stm32cube/lib..__modules__hal__stm32__stm32cube.a(stm32l4xx_ll_utils.c.obj)
 .comment       0x000000000000004c       0x4d ./out/zephyr/zephyr/kernel/libkernel.a(device.c.obj)
 .comment       0x000000000000004c       0x4d ./out/zephyr/zephyr/kernel/libkernel.a(errno.c.obj)
 .comment       0x000000000000004c       0x4d ./out/zephyr/zephyr/kernel/libkernel.a(fatal.c.obj)
 .comment       0x000000000000004c       0x4d ./out/zephyr/zephyr/kernel/libkernel.a(init.c.obj)
 .comment       0x000000000000004c       0x4d ./out/zephyr/zephyr/kernel/libkernel.a(sched.c.obj)
 .comment       0x000000000000004c       0x4d ./out/zephyr/zephyr/kernel/libkernel.a(thread.c.obj)
 .comment       0x000000000000004c       0x4d ./out/zephyr/zephyr/kernel/libkernel.a(thread_abort.c.obj)
 .comment       0x000000000000004c       0x4d ./out/zephyr/zephyr/kernel/libkernel.a(banner.c.obj)
 .comment       0x000000000000004c       0x4d ./out/zephyr/zephyr/kernel/libkernel.a(xip.c.obj)
 .comment       0x000000000000004c       0x4d ./out/zephyr/zephyr/kernel/libkernel.a(timeout.c.obj)
 .comment       0x000000000000004c       0x4d ./out/zephyr/zephyr/kernel/libkernel.a(idle.c.obj)
 .comment       0x000000000000004c       0x4d ./out/zephyr/zephyr/kernel/libkernel.a(kheap.c.obj)
 .comment       0x000000000000004c       0x4d ./out/zephyr/zephyr/CMakeFiles/offsets.dir/./arch/arm/core/offsets/offsets.c.obj

.debug
 *(SORT_BY_ALIGNMENT(.debug))

.line
 *(SORT_BY_ALIGNMENT(.line))

.debug_srcinfo
 *(SORT_BY_ALIGNMENT(.debug_srcinfo))

.debug_sfnames
 *(SORT_BY_ALIGNMENT(.debug_sfnames))

.debug_aranges  0x0000000000000000      0xde0
 *(SORT_BY_ALIGNMENT(.debug_aranges))
 .debug_aranges
                0x0000000000000000       0x28 ./out/zephyr/zephyr/arch/arch/arm/core/aarch32/libarch__arm__core__aarch32.a(swap_helper.S.obj)
 .debug_aranges
                0x0000000000000028       0x30 ./out/zephyr/zephyr/arch/arch/arm/core/aarch32/libarch__arm__core__aarch32.a(cpu_idle.S.obj)
 .debug_aranges
                0x0000000000000058       0x20 ./out/zephyr/zephyr/arch/arch/arm/core/aarch32/libarch__arm__core__aarch32.a(nmi_on_reset.S.obj)
 .debug_aranges
                0x0000000000000078       0x20 ./out/zephyr/zephyr/arch/arch/arm/core/aarch32/libarch__arm__core__aarch32.a(isr_wrapper.S.obj)
 .debug_aranges
                0x0000000000000098       0x20 ./out/zephyr/zephyr/arch/arch/arm/core/aarch32/cortex_m/libarch__arm__core__aarch32__cortex_m.a(reset.S.obj)
 .debug_aranges
                0x00000000000000b8       0x20 ./out/zephyr/zephyr/arch/arch/arm/core/aarch32/cortex_m/libarch__arm__core__aarch32__cortex_m.a(fault_s.S.obj)
 .debug_aranges
                0x00000000000000d8       0x20 ./out/zephyr/zephyr/arch/arch/arm/core/aarch32/cortex_m/libarch__arm__core__aarch32__cortex_m.a(exc_exit.S.obj)
 .debug_aranges
                0x00000000000000f8       0x18 ./out/zephyr/zephyr/CMakeFiles/zephyr_final.dir/isr_tables.c.obj
 .debug_aranges
                0x0000000000000110       0x30 ./out/zephyr/app/libapp.a(iw_main.c.obj)
 .debug_aranges
                0x0000000000000140       0x68 ./out/zephyr/zephyr/libzephyr.a(printk.c.obj)
 .debug_aranges
                0x00000000000001a8       0x20 ./out/zephyr/zephyr/libzephyr.a(thread_entry.c.obj)
 .debug_aranges
                0x00000000000001c8       0xa8 ./out/zephyr/zephyr/libzephyr.a(heap.c.obj)
 .debug_aranges
                0x0000000000000270       0x40 ./out/zephyr/zephyr/libzephyr.a(cbprintf_complete.c.obj)
 .debug_aranges
                0x00000000000002b0       0x20 ./out/zephyr/zephyr/libzephyr.a(configs.c.obj)
 .debug_aranges
                0x00000000000002d0       0x20 ./out/zephyr/zephyr/libzephyr.a(soc.c.obj)
 .debug_aranges
                0x00000000000002f0       0x28 ./out/zephyr/zephyr/libzephyr.a(uart_console.c.obj)
 .debug_aranges
                0x0000000000000318       0x88 ./out/zephyr/zephyr/libzephyr.a(intc_exti_stm32.c.obj)
 .debug_aranges
                0x00000000000003a0       0x38 ./out/zephyr/zephyr/libzephyr.a(clock_stm32_ll_common.c.obj)
 .debug_aranges
                0x00000000000003d8       0x28 ./out/zephyr/zephyr/libzephyr.a(clock_stm32l4_l5_wb.c.obj)
 .debug_aranges
                0x0000000000000400       0x38 ./out/zephyr/zephyr/libzephyr.a(pinmux_stm32.c.obj)
 .debug_aranges
                0x0000000000000438       0x40 ./out/zephyr/zephyr/libzephyr.a(sys_clock_init.c.obj)
 .debug_aranges
                0x0000000000000478       0x58 ./out/zephyr/zephyr/libzephyr.a(cortex_m_systick.c.obj)
 .debug_aranges
                0x00000000000004d0       0x20 ./out/zephyr/zephyr/arch/arch/arm/core/aarch32/libarch__arm__core__aarch32.a(swap.c.obj)
 .debug_aranges
                0x00000000000004f0       0x40 ./out/zephyr/zephyr/arch/arch/arm/core/aarch32/libarch__arm__core__aarch32.a(irq_manage.c.obj)
 .debug_aranges
                0x0000000000000530       0x30 ./out/zephyr/zephyr/arch/arch/arm/core/aarch32/libarch__arm__core__aarch32.a(thread.c.obj)
 .debug_aranges
                0x0000000000000560       0x30 ./out/zephyr/zephyr/arch/arch/arm/core/aarch32/libarch__arm__core__aarch32.a(fatal.c.obj)
 .debug_aranges
                0x0000000000000590       0x20 ./out/zephyr/zephyr/arch/arch/arm/core/aarch32/libarch__arm__core__aarch32.a(nmi.c.obj)
 .debug_aranges
                0x00000000000005b0       0x20 ./out/zephyr/zephyr/arch/arch/arm/core/aarch32/libarch__arm__core__aarch32.a(prep_c.c.obj)
 .debug_aranges
                0x00000000000005d0       0x40 ./out/zephyr/zephyr/arch/arch/arm/core/aarch32/cortex_m/libarch__arm__core__aarch32__cortex_m.a(fault.c.obj)
 .debug_aranges
                0x0000000000000610       0x20 ./out/zephyr/zephyr/arch/arch/arm/core/aarch32/cortex_m/libarch__arm__core__aarch32__cortex_m.a(irq_init.c.obj)
 .debug_aranges
                0x0000000000000630       0x20 ./out/zephyr/zephyr/arch/arch/arm/core/aarch32/cortex_m/libarch__arm__core__aarch32__cortex_m.a(thread_abort.c.obj)
 .debug_aranges
                0x0000000000000650       0x28 ./out/zephyr/zephyr/arch/arch/arm/core/aarch32/cortex_m/mpu/libarch__arm__core__aarch32__cortex_m__mpu.a(arm_core_mpu.c.obj)
 .debug_aranges
                0x0000000000000678       0x48 ./out/zephyr/zephyr/arch/arch/arm/core/aarch32/cortex_m/mpu/libarch__arm__core__aarch32__cortex_m__mpu.a(arm_mpu.c.obj)
 .debug_aranges
                0x00000000000006c0       0x98 ./out/zephyr/zephyr/lib/libc/minimal/liblib__libc__minimal.a(string.c.obj)
 .debug_aranges
                0x0000000000000758       0x58 ./out/zephyr/zephyr/lib/libc/minimal/liblib__libc__minimal.a(stdout_console.c.obj)
 .debug_aranges
                0x00000000000007b0       0x18 ./out/zephyr/zephyr/soc/arm/common/cortex_m/libsoc__arm__common__cortex_m.a(arm_mpu_regions.c.obj)
 .debug_aranges
                0x00000000000007c8       0x70 ./out/zephyr/zephyr/drivers/gpio/libdrivers__gpio.a(gpio_stm32.c.obj)
 .debug_aranges
                0x0000000000000838       0x50 ./out/zephyr/zephyr/drivers/serial/libdrivers__serial.a(uart_stm32.c.obj)
 .debug_aranges
                0x0000000000000888       0x28 ./out/zephyr/modules/stm32/stm32cube/lib..__modules__hal__stm32__stm32cube.a(system_stm32l4xx.c.obj)
 .debug_aranges
                0x00000000000008b0       0x68 ./out/zephyr/modules/stm32/stm32cube/lib..__modules__hal__stm32__stm32cube.a(stm32l4xx_ll_utils.c.obj)
 .debug_aranges
                0x0000000000000918       0x40 ./out/zephyr/zephyr/kernel/libkernel.a(device.c.obj)
 .debug_aranges
                0x0000000000000958       0x20 ./out/zephyr/zephyr/kernel/libkernel.a(errno.c.obj)
 .debug_aranges
                0x0000000000000978       0x50 ./out/zephyr/zephyr/kernel/libkernel.a(fatal.c.obj)
 .debug_aranges
                0x00000000000009c8       0x38 ./out/zephyr/zephyr/kernel/libkernel.a(init.c.obj)
 .debug_aranges
                0x0000000000000a00      0x1d0 ./out/zephyr/zephyr/kernel/libkernel.a(sched.c.obj)
 .debug_aranges
                0x0000000000000bd0       0xa0 ./out/zephyr/zephyr/kernel/libkernel.a(thread.c.obj)
 .debug_aranges
                0x0000000000000c70       0x20 ./out/zephyr/zephyr/kernel/libkernel.a(thread_abort.c.obj)
 .debug_aranges
                0x0000000000000c90       0x20 ./out/zephyr/zephyr/kernel/libkernel.a(banner.c.obj)
 .debug_aranges
                0x0000000000000cb0       0x20 ./out/zephyr/zephyr/kernel/libkernel.a(xip.c.obj)
 .debug_aranges
                0x0000000000000cd0       0x90 ./out/zephyr/zephyr/kernel/libkernel.a(timeout.c.obj)
 .debug_aranges
                0x0000000000000d60       0x28 ./out/zephyr/zephyr/kernel/libkernel.a(idle.c.obj)
 .debug_aranges
                0x0000000000000d88       0x38 ./out/zephyr/zephyr/kernel/libkernel.a(kheap.c.obj)
 .debug_aranges
                0x0000000000000dc0       0x20 ./out/zephyr/zephyr/CMakeFiles/offsets.dir/./arch/arm/core/offsets/offsets.c.obj

.debug_pubnames
 *(SORT_BY_ALIGNMENT(.debug_pubnames))

.debug_info     0x0000000000000000    0x343db
 *(SORT_BY_ALIGNMENT(.debug_info) SORT_BY_ALIGNMENT(.gnu.linkonce.wi.*))
 .debug_info    0x0000000000000000      0x3f2 ./out/zephyr/zephyr/CMakeFiles/zephyr_final.dir/isr_tables.c.obj
 .debug_info    0x00000000000003f2       0x73 ./out/zephyr/app/libapp.a(iw_main.c.obj)
 .debug_info    0x0000000000000465      0xebf ./out/zephyr/zephyr/libzephyr.a(printk.c.obj)
 .debug_info    0x0000000000001324      0xb14 ./out/zephyr/zephyr/libzephyr.a(thread_entry.c.obj)
 .debug_info    0x0000000000001e38     0x2dfe ./out/zephyr/zephyr/libzephyr.a(heap.c.obj)
 .debug_info    0x0000000000004c36     0x10e5 ./out/zephyr/zephyr/libzephyr.a(cbprintf_complete.c.obj)
 .debug_info    0x0000000000005d1b       0x38 ./out/zephyr/zephyr/libzephyr.a(configs.c.obj)
 .debug_info    0x0000000000005d53      0xbb5 ./out/zephyr/zephyr/libzephyr.a(soc.c.obj)
 .debug_info    0x0000000000006908      0xe89 ./out/zephyr/zephyr/libzephyr.a(uart_console.c.obj)
 .debug_info    0x0000000000007791     0x1913 ./out/zephyr/zephyr/libzephyr.a(intc_exti_stm32.c.obj)
 .debug_info    0x00000000000090a4     0x1639 ./out/zephyr/zephyr/libzephyr.a(clock_stm32_ll_common.c.obj)
 .debug_info    0x000000000000a6dd      0xa47 ./out/zephyr/zephyr/libzephyr.a(clock_stm32l4_l5_wb.c.obj)
 .debug_info    0x000000000000b124     0x1162 ./out/zephyr/zephyr/libzephyr.a(pinmux_stm32.c.obj)
 .debug_info    0x000000000000c286      0xc31 ./out/zephyr/zephyr/libzephyr.a(sys_clock_init.c.obj)
 .debug_info    0x000000000000ceb7     0x159d ./out/zephyr/zephyr/libzephyr.a(cortex_m_systick.c.obj)
 .debug_info    0x000000000000e454      0xc68 ./out/zephyr/zephyr/arch/arch/arm/core/aarch32/libarch__arm__core__aarch32.a(swap.c.obj)
 .debug_info    0x000000000000f0bc       0x22 ./out/zephyr/zephyr/arch/arch/arm/core/aarch32/libarch__arm__core__aarch32.a(swap_helper.S.obj)
 .debug_info    0x000000000000f0de     0x1152 ./out/zephyr/zephyr/arch/arch/arm/core/aarch32/libarch__arm__core__aarch32.a(irq_manage.c.obj)
 .debug_info    0x0000000000010230      0xd5e ./out/zephyr/zephyr/arch/arch/arm/core/aarch32/libarch__arm__core__aarch32.a(thread.c.obj)
 .debug_info    0x0000000000010f8e       0x22 ./out/zephyr/zephyr/arch/arch/arm/core/aarch32/libarch__arm__core__aarch32.a(cpu_idle.S.obj)
 .debug_info    0x0000000000010fb0      0xf0f ./out/zephyr/zephyr/arch/arch/arm/core/aarch32/libarch__arm__core__aarch32.a(fatal.c.obj)
 .debug_info    0x0000000000011ebf      0xa0e ./out/zephyr/zephyr/arch/arch/arm/core/aarch32/libarch__arm__core__aarch32.a(nmi.c.obj)
 .debug_info    0x00000000000128cd       0x26 ./out/zephyr/zephyr/arch/arch/arm/core/aarch32/libarch__arm__core__aarch32.a(nmi_on_reset.S.obj)
 .debug_info    0x00000000000128f3      0xee7 ./out/zephyr/zephyr/arch/arch/arm/core/aarch32/libarch__arm__core__aarch32.a(prep_c.c.obj)
 .debug_info    0x00000000000137da       0x26 ./out/zephyr/zephyr/arch/arch/arm/core/aarch32/libarch__arm__core__aarch32.a(isr_wrapper.S.obj)
 .debug_info    0x0000000000013800       0x26 ./out/zephyr/zephyr/arch/arch/arm/core/aarch32/cortex_m/libarch__arm__core__aarch32__cortex_m.a(reset.S.obj)
 .debug_info    0x0000000000013826       0x26 ./out/zephyr/zephyr/arch/arch/arm/core/aarch32/cortex_m/libarch__arm__core__aarch32__cortex_m.a(fault_s.S.obj)
 .debug_info    0x000000000001384c     0x1936 ./out/zephyr/zephyr/arch/arch/arm/core/aarch32/cortex_m/libarch__arm__core__aarch32__cortex_m.a(fault.c.obj)
 .debug_info    0x0000000000015182       0x26 ./out/zephyr/zephyr/arch/arch/arm/core/aarch32/cortex_m/libarch__arm__core__aarch32__cortex_m.a(exc_exit.S.obj)
 .debug_info    0x00000000000151a8      0x95e ./out/zephyr/zephyr/arch/arch/arm/core/aarch32/cortex_m/libarch__arm__core__aarch32__cortex_m.a(irq_init.c.obj)
 .debug_info    0x0000000000015b06      0xd40 ./out/zephyr/zephyr/arch/arch/arm/core/aarch32/cortex_m/libarch__arm__core__aarch32__cortex_m.a(thread_abort.c.obj)
 .debug_info    0x0000000000016846      0xddd ./out/zephyr/zephyr/arch/arch/arm/core/aarch32/cortex_m/mpu/libarch__arm__core__aarch32__cortex_m__mpu.a(arm_core_mpu.c.obj)
 .debug_info    0x0000000000017623     0x1666 ./out/zephyr/zephyr/arch/arch/arm/core/aarch32/cortex_m/mpu/libarch__arm__core__aarch32__cortex_m__mpu.a(arm_mpu.c.obj)
 .debug_info    0x0000000000018c89      0x7bb ./out/zephyr/zephyr/lib/libc/minimal/liblib__libc__minimal.a(string.c.obj)
 .debug_info    0x0000000000019444      0x698 ./out/zephyr/zephyr/lib/libc/minimal/liblib__libc__minimal.a(stdout_console.c.obj)
 .debug_info    0x0000000000019adc      0x388 ./out/zephyr/zephyr/soc/arm/common/cortex_m/libsoc__arm__common__cortex_m.a(arm_mpu_regions.c.obj)
 .debug_info    0x0000000000019e64     0x33b8 ./out/zephyr/zephyr/drivers/gpio/libdrivers__gpio.a(gpio_stm32.c.obj)
 .debug_info    0x000000000001d21c     0x284a ./out/zephyr/zephyr/drivers/serial/libdrivers__serial.a(uart_stm32.c.obj)
 .debug_info    0x000000000001fa66      0x783 ./out/zephyr/modules/stm32/stm32cube/lib..__modules__hal__stm32__stm32cube.a(system_stm32l4xx.c.obj)
 .debug_info    0x00000000000201e9     0x12cf ./out/zephyr/modules/stm32/stm32cube/lib..__modules__hal__stm32__stm32cube.a(stm32l4xx_ll_utils.c.obj)
 .debug_info    0x00000000000214b8      0xe5d ./out/zephyr/zephyr/kernel/libkernel.a(device.c.obj)
 .debug_info    0x0000000000022315      0xa6a ./out/zephyr/zephyr/kernel/libkernel.a(errno.c.obj)
 .debug_info    0x0000000000022d7f     0x15fa ./out/zephyr/zephyr/kernel/libkernel.a(fatal.c.obj)
 .debug_info    0x0000000000024379     0x1e8b ./out/zephyr/zephyr/kernel/libkernel.a(init.c.obj)
 .debug_info    0x0000000000026204     0x5c67 ./out/zephyr/zephyr/kernel/libkernel.a(sched.c.obj)
 .debug_info    0x000000000002be6b     0x1b95 ./out/zephyr/zephyr/kernel/libkernel.a(thread.c.obj)
 .debug_info    0x000000000002da00      0xcfe ./out/zephyr/zephyr/kernel/libkernel.a(thread_abort.c.obj)
 .debug_info    0x000000000002e6fe      0xa3f ./out/zephyr/zephyr/kernel/libkernel.a(banner.c.obj)
 .debug_info    0x000000000002f13d      0xb91 ./out/zephyr/zephyr/kernel/libkernel.a(xip.c.obj)
 .debug_info    0x000000000002fcce     0x1dee ./out/zephyr/zephyr/kernel/libkernel.a(timeout.c.obj)
 .debug_info    0x0000000000031abc      0xe00 ./out/zephyr/zephyr/kernel/libkernel.a(idle.c.obj)
 .debug_info    0x00000000000328bc     0x1101 ./out/zephyr/zephyr/kernel/libkernel.a(kheap.c.obj)
 .debug_info    0x00000000000339bd      0xa1e ./out/zephyr/zephyr/CMakeFiles/offsets.dir/./arch/arm/core/offsets/offsets.c.obj

.debug_abbrev   0x0000000000000000     0x8ef6
 *(SORT_BY_ALIGNMENT(.debug_abbrev))
 .debug_abbrev  0x0000000000000000      0x12d ./out/zephyr/zephyr/CMakeFiles/zephyr_final.dir/isr_tables.c.obj
 .debug_abbrev  0x000000000000012d       0x6f ./out/zephyr/app/libapp.a(iw_main.c.obj)
 .debug_abbrev  0x000000000000019c      0x33c ./out/zephyr/zephyr/libzephyr.a(printk.c.obj)
 .debug_abbrev  0x00000000000004d8      0x245 ./out/zephyr/zephyr/libzephyr.a(thread_entry.c.obj)
 .debug_abbrev  0x000000000000071d      0x4a6 ./out/zephyr/zephyr/libzephyr.a(heap.c.obj)
 .debug_abbrev  0x0000000000000bc3      0x3ed ./out/zephyr/zephyr/libzephyr.a(cbprintf_complete.c.obj)
 .debug_abbrev  0x0000000000000fb0       0x2e ./out/zephyr/zephyr/libzephyr.a(configs.c.obj)
 .debug_abbrev  0x0000000000000fde      0x289 ./out/zephyr/zephyr/libzephyr.a(soc.c.obj)
 .debug_abbrev  0x0000000000001267      0x36c ./out/zephyr/zephyr/libzephyr.a(uart_console.c.obj)
 .debug_abbrev  0x00000000000015d3      0x4d7 ./out/zephyr/zephyr/libzephyr.a(intc_exti_stm32.c.obj)
 .debug_abbrev  0x0000000000001aaa      0x485 ./out/zephyr/zephyr/libzephyr.a(clock_stm32_ll_common.c.obj)
 .debug_abbrev  0x0000000000001f2f      0x1b6 ./out/zephyr/zephyr/libzephyr.a(clock_stm32l4_l5_wb.c.obj)
 .debug_abbrev  0x00000000000020e5      0x3fc ./out/zephyr/zephyr/libzephyr.a(pinmux_stm32.c.obj)
 .debug_abbrev  0x00000000000024e1      0x267 ./out/zephyr/zephyr/libzephyr.a(sys_clock_init.c.obj)
 .debug_abbrev  0x0000000000002748      0x41c ./out/zephyr/zephyr/libzephyr.a(cortex_m_systick.c.obj)
 .debug_abbrev  0x0000000000002b64      0x231 ./out/zephyr/zephyr/arch/arch/arm/core/aarch32/libarch__arm__core__aarch32.a(swap.c.obj)
 .debug_abbrev  0x0000000000002d95       0x12 ./out/zephyr/zephyr/arch/arch/arm/core/aarch32/libarch__arm__core__aarch32.a(swap_helper.S.obj)
 .debug_abbrev  0x0000000000002da7      0x315 ./out/zephyr/zephyr/arch/arch/arm/core/aarch32/libarch__arm__core__aarch32.a(irq_manage.c.obj)
 .debug_abbrev  0x00000000000030bc      0x2d5 ./out/zephyr/zephyr/arch/arch/arm/core/aarch32/libarch__arm__core__aarch32.a(thread.c.obj)
 .debug_abbrev  0x0000000000003391       0x12 ./out/zephyr/zephyr/arch/arch/arm/core/aarch32/libarch__arm__core__aarch32.a(cpu_idle.S.obj)
 .debug_abbrev  0x00000000000033a3      0x34b ./out/zephyr/zephyr/arch/arch/arm/core/aarch32/libarch__arm__core__aarch32.a(fatal.c.obj)
 .debug_abbrev  0x00000000000036ee      0x1b7 ./out/zephyr/zephyr/arch/arch/arm/core/aarch32/libarch__arm__core__aarch32.a(nmi.c.obj)
 .debug_abbrev  0x00000000000038a5       0x14 ./out/zephyr/zephyr/arch/arch/arm/core/aarch32/libarch__arm__core__aarch32.a(nmi_on_reset.S.obj)
 .debug_abbrev  0x00000000000038b9      0x2cf ./out/zephyr/zephyr/arch/arch/arm/core/aarch32/libarch__arm__core__aarch32.a(prep_c.c.obj)
 .debug_abbrev  0x0000000000003b88       0x14 ./out/zephyr/zephyr/arch/arch/arm/core/aarch32/libarch__arm__core__aarch32.a(isr_wrapper.S.obj)
 .debug_abbrev  0x0000000000003b9c       0x14 ./out/zephyr/zephyr/arch/arch/arm/core/aarch32/cortex_m/libarch__arm__core__aarch32__cortex_m.a(reset.S.obj)
 .debug_abbrev  0x0000000000003bb0       0x14 ./out/zephyr/zephyr/arch/arch/arm/core/aarch32/cortex_m/libarch__arm__core__aarch32__cortex_m.a(fault_s.S.obj)
 .debug_abbrev  0x0000000000003bc4      0x47f ./out/zephyr/zephyr/arch/arch/arm/core/aarch32/cortex_m/libarch__arm__core__aarch32__cortex_m.a(fault.c.obj)
 .debug_abbrev  0x0000000000004043       0x14 ./out/zephyr/zephyr/arch/arch/arm/core/aarch32/cortex_m/libarch__arm__core__aarch32__cortex_m.a(exc_exit.S.obj)
 .debug_abbrev  0x0000000000004057      0x1f3 ./out/zephyr/zephyr/arch/arch/arm/core/aarch32/cortex_m/libarch__arm__core__aarch32__cortex_m.a(irq_init.c.obj)
 .debug_abbrev  0x000000000000424a      0x2dc ./out/zephyr/zephyr/arch/arch/arm/core/aarch32/cortex_m/libarch__arm__core__aarch32__cortex_m.a(thread_abort.c.obj)
 .debug_abbrev  0x0000000000004526      0x221 ./out/zephyr/zephyr/arch/arch/arm/core/aarch32/cortex_m/mpu/libarch__arm__core__aarch32__cortex_m__mpu.a(arm_core_mpu.c.obj)
 .debug_abbrev  0x0000000000004747      0x4dc ./out/zephyr/zephyr/arch/arch/arm/core/aarch32/cortex_m/mpu/libarch__arm__core__aarch32__cortex_m__mpu.a(arm_mpu.c.obj)
 .debug_abbrev  0x0000000000004c23      0x191 ./out/zephyr/zephyr/lib/libc/minimal/liblib__libc__minimal.a(string.c.obj)
 .debug_abbrev  0x0000000000004db4      0x25a ./out/zephyr/zephyr/lib/libc/minimal/liblib__libc__minimal.a(stdout_console.c.obj)
 .debug_abbrev  0x000000000000500e       0xf1 ./out/zephyr/zephyr/soc/arm/common/cortex_m/libsoc__arm__common__cortex_m.a(arm_mpu_regions.c.obj)
 .debug_abbrev  0x00000000000050ff      0x55c ./out/zephyr/zephyr/drivers/gpio/libdrivers__gpio.a(gpio_stm32.c.obj)
 .debug_abbrev  0x000000000000565b      0x522 ./out/zephyr/zephyr/drivers/serial/libdrivers__serial.a(uart_stm32.c.obj)
 .debug_abbrev  0x0000000000005b7d      0x171 ./out/zephyr/modules/stm32/stm32cube/lib..__modules__hal__stm32__stm32cube.a(system_stm32l4xx.c.obj)
 .debug_abbrev  0x0000000000005cee      0x370 ./out/zephyr/modules/stm32/stm32cube/lib..__modules__hal__stm32__stm32cube.a(stm32l4xx_ll_utils.c.obj)
 .debug_abbrev  0x000000000000605e      0x377 ./out/zephyr/zephyr/kernel/libkernel.a(device.c.obj)
 .debug_abbrev  0x00000000000063d5      0x1b3 ./out/zephyr/zephyr/kernel/libkernel.a(errno.c.obj)
 .debug_abbrev  0x0000000000006588      0x44a ./out/zephyr/zephyr/kernel/libkernel.a(fatal.c.obj)
 .debug_abbrev  0x00000000000069d2      0x569 ./out/zephyr/zephyr/kernel/libkernel.a(init.c.obj)
 .debug_abbrev  0x0000000000006f3b      0x652 ./out/zephyr/zephyr/kernel/libkernel.a(sched.c.obj)
 .debug_abbrev  0x000000000000758d      0x598 ./out/zephyr/zephyr/kernel/libkernel.a(thread.c.obj)
 .debug_abbrev  0x0000000000007b25      0x303 ./out/zephyr/zephyr/kernel/libkernel.a(thread_abort.c.obj)
 .debug_abbrev  0x0000000000007e28      0x1e7 ./out/zephyr/zephyr/kernel/libkernel.a(banner.c.obj)
 .debug_abbrev  0x000000000000800f      0x1b7 ./out/zephyr/zephyr/kernel/libkernel.a(xip.c.obj)
 .debug_abbrev  0x00000000000081c6      0x4c8 ./out/zephyr/zephyr/kernel/libkernel.a(timeout.c.obj)
 .debug_abbrev  0x000000000000868e      0x331 ./out/zephyr/zephyr/kernel/libkernel.a(idle.c.obj)
 .debug_abbrev  0x00000000000089bf      0x38f ./out/zephyr/zephyr/kernel/libkernel.a(kheap.c.obj)
 .debug_abbrev  0x0000000000008d4e      0x1a8 ./out/zephyr/zephyr/CMakeFiles/offsets.dir/./arch/arm/core/offsets/offsets.c.obj

.debug_line     0x0000000000000000    0x16018
 *(SORT_BY_ALIGNMENT(.debug_line) SORT_BY_ALIGNMENT(.debug_line.*) SORT_BY_ALIGNMENT(.debug_line_end))
 .debug_line    0x0000000000000000      0x29d ./out/zephyr/zephyr/CMakeFiles/zephyr_final.dir/isr_tables.c.obj
 .debug_line    0x000000000000029d       0x85 ./out/zephyr/app/libapp.a(iw_main.c.obj)
 .debug_line    0x0000000000000322      0x616 ./out/zephyr/zephyr/libzephyr.a(printk.c.obj)
 .debug_line    0x0000000000000938      0x490 ./out/zephyr/zephyr/libzephyr.a(thread_entry.c.obj)
 .debug_line    0x0000000000000dc8     0x110c ./out/zephyr/zephyr/libzephyr.a(heap.c.obj)
 .debug_line    0x0000000000001ed4      0xcb9 ./out/zephyr/zephyr/libzephyr.a(cbprintf_complete.c.obj)
 .debug_line    0x0000000000002b8d      0x120 ./out/zephyr/zephyr/libzephyr.a(configs.c.obj)
 .debug_line    0x0000000000002cad      0x443 ./out/zephyr/zephyr/libzephyr.a(soc.c.obj)
 .debug_line    0x00000000000030f0      0x53f ./out/zephyr/zephyr/libzephyr.a(uart_console.c.obj)
 .debug_line    0x000000000000362f      0x8de ./out/zephyr/zephyr/libzephyr.a(intc_exti_stm32.c.obj)
 .debug_line    0x0000000000003f0d      0x84f ./out/zephyr/zephyr/libzephyr.a(clock_stm32_ll_common.c.obj)
 .debug_line    0x000000000000475c      0x41f ./out/zephyr/zephyr/libzephyr.a(clock_stm32l4_l5_wb.c.obj)
 .debug_line    0x0000000000004b7b      0x7ae ./out/zephyr/zephyr/libzephyr.a(pinmux_stm32.c.obj)
 .debug_line    0x0000000000005329      0x44b ./out/zephyr/zephyr/libzephyr.a(sys_clock_init.c.obj)
 .debug_line    0x0000000000005774      0x932 ./out/zephyr/zephyr/libzephyr.a(cortex_m_systick.c.obj)
 .debug_line    0x00000000000060a6      0x4c5 ./out/zephyr/zephyr/arch/arch/arm/core/aarch32/libarch__arm__core__aarch32.a(swap.c.obj)
 .debug_line    0x000000000000656b       0xc7 ./out/zephyr/zephyr/arch/arch/arm/core/aarch32/libarch__arm__core__aarch32.a(swap_helper.S.obj)
 .debug_line    0x0000000000006632      0x538 ./out/zephyr/zephyr/arch/arch/arm/core/aarch32/libarch__arm__core__aarch32.a(irq_manage.c.obj)
 .debug_line    0x0000000000006b6a      0x5c4 ./out/zephyr/zephyr/arch/arch/arm/core/aarch32/libarch__arm__core__aarch32.a(thread.c.obj)
 .debug_line    0x000000000000712e       0xa6 ./out/zephyr/zephyr/arch/arch/arm/core/aarch32/libarch__arm__core__aarch32.a(cpu_idle.S.obj)
 .debug_line    0x00000000000071d4      0x4b9 ./out/zephyr/zephyr/arch/arch/arm/core/aarch32/libarch__arm__core__aarch32.a(fatal.c.obj)
 .debug_line    0x000000000000768d      0x3ee ./out/zephyr/zephyr/arch/arch/arm/core/aarch32/libarch__arm__core__aarch32.a(nmi.c.obj)
 .debug_line    0x0000000000007a7b       0x75 ./out/zephyr/zephyr/arch/arch/arm/core/aarch32/libarch__arm__core__aarch32.a(nmi_on_reset.S.obj)
 .debug_line    0x0000000000007af0      0x55f ./out/zephyr/zephyr/arch/arch/arm/core/aarch32/libarch__arm__core__aarch32.a(prep_c.c.obj)
 .debug_line    0x000000000000804f       0x8c ./out/zephyr/zephyr/arch/arch/arm/core/aarch32/libarch__arm__core__aarch32.a(isr_wrapper.S.obj)
 .debug_line    0x00000000000080db       0x87 ./out/zephyr/zephyr/arch/arch/arm/core/aarch32/cortex_m/libarch__arm__core__aarch32__cortex_m.a(reset.S.obj)
 .debug_line    0x0000000000008162       0x82 ./out/zephyr/zephyr/arch/arch/arm/core/aarch32/cortex_m/libarch__arm__core__aarch32__cortex_m.a(fault_s.S.obj)
 .debug_line    0x00000000000081e4      0x975 ./out/zephyr/zephyr/arch/arch/arm/core/aarch32/cortex_m/libarch__arm__core__aarch32__cortex_m.a(fault.c.obj)
 .debug_line    0x0000000000008b59       0x88 ./out/zephyr/zephyr/arch/arch/arm/core/aarch32/cortex_m/libarch__arm__core__aarch32__cortex_m.a(exc_exit.S.obj)
 .debug_line    0x0000000000008be1      0x37b ./out/zephyr/zephyr/arch/arch/arm/core/aarch32/cortex_m/libarch__arm__core__aarch32__cortex_m.a(irq_init.c.obj)
 .debug_line    0x0000000000008f5c      0x578 ./out/zephyr/zephyr/arch/arch/arm/core/aarch32/cortex_m/libarch__arm__core__aarch32__cortex_m.a(thread_abort.c.obj)
 .debug_line    0x00000000000094d4      0x588 ./out/zephyr/zephyr/arch/arch/arm/core/aarch32/cortex_m/mpu/libarch__arm__core__aarch32__cortex_m__mpu.a(arm_core_mpu.c.obj)
 .debug_line    0x0000000000009a5c      0x97d ./out/zephyr/zephyr/arch/arch/arm/core/aarch32/cortex_m/mpu/libarch__arm__core__aarch32__cortex_m__mpu.a(arm_mpu.c.obj)
 .debug_line    0x000000000000a3d9      0x639 ./out/zephyr/zephyr/lib/libc/minimal/liblib__libc__minimal.a(string.c.obj)
 .debug_line    0x000000000000aa12      0x31a ./out/zephyr/zephyr/lib/libc/minimal/liblib__libc__minimal.a(stdout_console.c.obj)
 .debug_line    0x000000000000ad2c      0x24a ./out/zephyr/zephyr/soc/arm/common/cortex_m/libsoc__arm__common__cortex_m.a(arm_mpu_regions.c.obj)
 .debug_line    0x000000000000af76     0x121d ./out/zephyr/zephyr/drivers/gpio/libdrivers__gpio.a(gpio_stm32.c.obj)
 .debug_line    0x000000000000c193      0xdb1 ./out/zephyr/zephyr/drivers/serial/libdrivers__serial.a(uart_stm32.c.obj)
 .debug_line    0x000000000000cf44      0x320 ./out/zephyr/modules/stm32/stm32cube/lib..__modules__hal__stm32__stm32cube.a(system_stm32l4xx.c.obj)
 .debug_line    0x000000000000d264      0x986 ./out/zephyr/modules/stm32/stm32cube/lib..__modules__hal__stm32__stm32cube.a(stm32l4xx_ll_utils.c.obj)
 .debug_line    0x000000000000dbea      0x60b ./out/zephyr/zephyr/kernel/libkernel.a(device.c.obj)
 .debug_line    0x000000000000e1f5      0x413 ./out/zephyr/zephyr/kernel/libkernel.a(errno.c.obj)
 .debug_line    0x000000000000e608      0x760 ./out/zephyr/zephyr/kernel/libkernel.a(fatal.c.obj)
 .debug_line    0x000000000000ed68      0x98b ./out/zephyr/zephyr/kernel/libkernel.a(init.c.obj)
 .debug_line    0x000000000000f6f3     0x2e1a ./out/zephyr/zephyr/kernel/libkernel.a(sched.c.obj)
 .debug_line    0x000000000001250d      0xbb6 ./out/zephyr/zephyr/kernel/libkernel.a(thread.c.obj)
 .debug_line    0x00000000000130c3      0x5ea ./out/zephyr/zephyr/kernel/libkernel.a(thread_abort.c.obj)